[2026-06-04 00:23:16] VERIFICACION CONTROLADA DEL REGISTRO DE ERRORES
[2026-06-04 01:14:09] VERIFICACION CONTROLADA DEL REGISTRO DE ERRORES
[2026-06-04 01:15:32] VERIFICACION CONTROLADA DEL REGISTRO DE ERRORES
[2026-06-04 19:47:47] VERIFICACION CONTROLADA DEL REGISTRO DE ERRORES
[2026-06-04 14:09:45] PDOException: SQLSTATE[42P01]: Undefined table: 7 ERROR:  no existe la relación «sis_tipo_documento»
LINE 6:             FROM sis_tipo_documento t
                         ^ EN C:\xampp\htdocs\intesis\src\Modelos\TipoDocumentoModelo.php:23
[2026-06-04 14:09:55] PDOException: SQLSTATE[42P01]: Undefined table: 7 ERROR:  no existe la relación «sis_tipo_documento»
LINE 6:             FROM sis_tipo_documento t
                         ^ EN C:\xampp\htdocs\intesis\src\Modelos\TipoDocumentoModelo.php:23
[2026-06-04 14:10:22] PDOException: SQLSTATE[42P01]: Undefined table: 7 ERROR:  no existe la relación «sis_tipo_documento»
LINE 6:             FROM sis_tipo_documento t
                         ^ EN C:\xampp\htdocs\intesis\src\Modelos\TipoDocumentoModelo.php:23
[2026-06-04 14:10:56] PDOException: SQLSTATE[42P08]: Ambiguous parameter: 7 ERROR:  no se pudo determinar el tipo del parámetro $1
LINE 15:             WHERE ($1 IS NULL OR s.sis_empresa_id = $1)
                            ^ EN C:\xampp\htdocs\intesis\src\Modelos\SecuenciaModelo.php:40
[2026-06-04 14:22:28] PDOException: SQLSTATE[42703]: Undefined column: 7 ERROR:  no existe la columna s.sis_secuencia_establecimiento
LINE 17: ...o_documento_modulo, td.sis_tipo_documento_nombre, s.sis_secu...
                                                              ^
HINT:  Probablemente quiera hacer referencia a la columna «s.sis_secuencias_establecimiento». EN C:\xampp\htdocs\intesis\src\Modelos\SecuenciaModelo.php:42
[2026-06-04 14:22:34] PDOException: SQLSTATE[42703]: Undefined column: 7 ERROR:  no existe la columna s.sis_secuencia_establecimiento
LINE 17: ...o_documento_modulo, td.sis_tipo_documento_nombre, s.sis_secu...
                                                              ^
HINT:  Probablemente quiera hacer referencia a la columna «s.sis_secuencias_establecimiento». EN C:\xampp\htdocs\intesis\src\Modelos\SecuenciaModelo.php:42
[2026-06-04 14:22:55] PDOException: SQLSTATE[42703]: Undefined column: 7 ERROR:  no existe la columna s.sis_secuencia_establecimiento
LINE 17: ...o_documento_modulo, td.sis_tipo_documento_nombre, s.sis_secu...
                                                              ^
HINT:  Probablemente quiera hacer referencia a la columna «s.sis_secuencias_establecimiento». EN C:\xampp\htdocs\intesis\src\Modelos\SecuenciaModelo.php:42
[2026-06-04 14:27:52] PDOException: SQLSTATE[42703]: Undefined column: 7 ERROR:  no existe la columna s.sis_secuencia_establecimiento
LINE 17: ...o_documento_modulo, td.sis_tipo_documento_nombre, s.sis_secu...
                                                              ^
HINT:  Probablemente quiera hacer referencia a la columna «s.sis_secuencias_establecimiento». EN C:\xampp\htdocs\intesis\src\Modelos\SecuenciaModelo.php:42
[2026-06-04 14:28:19] PDOException: SQLSTATE[42703]: Undefined column: 7 ERROR:  no existe la columna s.sis_secuencia_establecimiento
LINE 17: ...o_documento_modulo, td.sis_tipo_documento_nombre, s.sis_secu...
                                                              ^
HINT:  Probablemente quiera hacer referencia a la columna «s.sis_secuencias_establecimiento». EN C:\xampp\htdocs\intesis\src\Modelos\SecuenciaModelo.php:42
[2026-06-04 16:52:46] CAMBIAR ESTADO USUARIO: No puede cambiar el estado del usuario actualmente logueado.
[2026-06-04 16:52:52] CAMBIAR ESTADO USUARIO: No puede cambiar el estado del usuario actualmente logueado.
[2026-06-04 16:53:43] TypeError: Intesis\Nucleo\Enrutador::__construct(): Argument #8 ($configuracion) must be of type Intesis\Nucleo\Configuracion, Intesis\Controladores\BodegaControlador given, called in C:\xampp\htdocs\intesis\src\Nucleo\Aplicacion.php on line 63 EN C:\xampp\htdocs\intesis\src\Nucleo\Enrutador.php:17
[2026-06-04 16:53:45] TypeError: Intesis\Nucleo\Enrutador::__construct(): Argument #8 ($configuracion) must be of type Intesis\Nucleo\Configuracion, Intesis\Controladores\BodegaControlador given, called in C:\xampp\htdocs\intesis\src\Nucleo\Aplicacion.php on line 63 EN C:\xampp\htdocs\intesis\src\Nucleo\Enrutador.php:17
[2026-06-04 16:53:49] TypeError: Intesis\Nucleo\Enrutador::__construct(): Argument #8 ($configuracion) must be of type Intesis\Nucleo\Configuracion, Intesis\Controladores\BodegaControlador given, called in C:\xampp\htdocs\intesis\src\Nucleo\Aplicacion.php on line 63 EN C:\xampp\htdocs\intesis\src\Nucleo\Enrutador.php:17
[2026-06-04 17:35:32] TypeError: Intesis\Nucleo\Enrutador::__construct(): Argument #9 ($configuracion) must be of type Intesis\Nucleo\Configuracion, Intesis\Controladores\CategoriaControlador given, called in C:\xampp\htdocs\intesis\src\Nucleo\Aplicacion.php on line 72 EN C:\xampp\htdocs\intesis\src\Nucleo\Enrutador.php:18
[2026-06-04 18:37:36] PDOException: SQLSTATE[42804]: Datatype mismatch: 7 ERROR:  los tipos character varying y integer no son coincidentes en COALESCE
LINE 9: ...           COALESCE(sis_mensaje_errores_posicion, 4) AS sis_...
                                                             ^ EN C:\xampp\htdocs\intesis\src\Modelos\MensajeSistemaModelo.php:44
[2026-06-04 18:37:37] PDOException: SQLSTATE[42804]: Datatype mismatch: 7 ERROR:  los tipos character varying y integer no son coincidentes en COALESCE
LINE 9: ...           COALESCE(sis_mensaje_errores_posicion, 4) AS sis_...
                                                             ^ EN C:\xampp\htdocs\intesis\src\Modelos\MensajeSistemaModelo.php:44
[2026-06-04 18:37:38] PDOException: SQLSTATE[42804]: Datatype mismatch: 7 ERROR:  los tipos character varying y integer no son coincidentes en COALESCE
LINE 9: ...           COALESCE(sis_mensaje_errores_posicion, 4) AS sis_...
                                                             ^ EN C:\xampp\htdocs\intesis\src\Modelos\MensajeSistemaModelo.php:44
[2026-06-04 18:37:56] PDOException: SQLSTATE[42804]: Datatype mismatch: 7 ERROR:  los tipos character varying y integer no son coincidentes en COALESCE
LINE 9: ...           COALESCE(sis_mensaje_errores_posicion, 4) AS sis_...
                                                             ^ EN C:\xampp\htdocs\intesis\src\Modelos\MensajeSistemaModelo.php:44
[2026-06-04 18:38:07] PDOException: SQLSTATE[42804]: Datatype mismatch: 7 ERROR:  los tipos character varying y integer no son coincidentes en COALESCE
LINE 9: ...           COALESCE(sis_mensaje_errores_posicion, 4) AS sis_...
                                                             ^ EN C:\xampp\htdocs\intesis\src\Modelos\MensajeSistemaModelo.php:44
[2026-06-04 18:40:14] PDOException: SQLSTATE[42804]: Datatype mismatch: 7 ERROR:  los tipos character varying y integer no son coincidentes en COALESCE
LINE 9: ...           COALESCE(sis_mensaje_errores_posicion, 4) AS sis_...
                                                             ^ EN C:\xampp\htdocs\intesis\src\Modelos\MensajeSistemaModelo.php:44
[2026-06-04 20:22:20] MENSAJE NO CONFIGURADO: CONFIRMAR_INACTIVAR_BODEGA
[2026-06-04 20:22:20] MENSAJE NO CONFIGURADO: CONFIRMAR_ELIMINAR_BODEGA
[2026-06-05 17:46:06] PDOException: SQLSTATE[42703]: Undefined column: 7 ERROR:  no existe la columna img.sis_archivos_principal
LINE 17:                 AND img.sis_archivos_principal = TRUE
                             ^ EN C:\xampp\htdocs\intesis\src\Modelos\ProductoModelo.php:45
[2026-06-05 17:47:12] TypeError: Intesis\Nucleo\Enrutador::__construct(): Argument #9 ($categoriaControlador) must be of type Intesis\Controladores\CategoriaControlador, Intesis\Controladores\ArchivoProductoControlador given, called in C:\xampp\htdocs\intesis\src\Nucleo\Aplicacion.php on line 75 EN C:\xampp\htdocs\intesis\src\Nucleo\Enrutador.php:21
[2026-06-05 17:47:17] TypeError: Intesis\Nucleo\Enrutador::__construct(): Argument #9 ($categoriaControlador) must be of type Intesis\Controladores\CategoriaControlador, Intesis\Controladores\ArchivoProductoControlador given, called in C:\xampp\htdocs\intesis\src\Nucleo\Aplicacion.php on line 75 EN C:\xampp\htdocs\intesis\src\Nucleo\Enrutador.php:21
[2026-06-05 17:47:28] PDOException: SQLSTATE[42703]: Undefined column: 7 ERROR:  no existe la columna img.sis_archivos_principal
LINE 17:                 AND img.sis_archivos_principal = TRUE
                             ^ EN C:\xampp\htdocs\intesis\src\Modelos\ProductoModelo.php:45
[2026-06-05 17:47:29] PDOException: SQLSTATE[42703]: Undefined column: 7 ERROR:  no existe la columna img.sis_archivos_principal
LINE 17:                 AND img.sis_archivos_principal = TRUE
                             ^ EN C:\xampp\htdocs\intesis\src\Modelos\ProductoModelo.php:45
[2026-06-05 17:47:29] PDOException: SQLSTATE[42703]: Undefined column: 7 ERROR:  no existe la columna img.sis_archivos_principal
LINE 17:                 AND img.sis_archivos_principal = TRUE
                             ^ EN C:\xampp\htdocs\intesis\src\Modelos\ProductoModelo.php:45
[2026-06-05 17:47:35] PDOException: SQLSTATE[42703]: Undefined column: 7 ERROR:  no existe la columna img.sis_archivos_principal
LINE 17:                 AND img.sis_archivos_principal = TRUE
                             ^ EN C:\xampp\htdocs\intesis\src\Modelos\ProductoModelo.php:45
[2026-06-05 17:47:36] PDOException: SQLSTATE[42703]: Undefined column: 7 ERROR:  no existe la columna img.sis_archivos_principal
LINE 17:                 AND img.sis_archivos_principal = TRUE
                             ^ EN C:\xampp\htdocs\intesis\src\Modelos\ProductoModelo.php:45
[2026-06-05 17:48:18] PDOException: SQLSTATE[42703]: Undefined column: 7 ERROR:  no existe la columna img.sis_archivos_principal
LINE 17:                 AND img.sis_archivos_principal = TRUE
                             ^ EN C:\xampp\htdocs\intesis\src\Modelos\ProductoModelo.php:45
[2026-06-05 17:48:19] PDOException: SQLSTATE[42703]: Undefined column: 7 ERROR:  no existe la columna img.sis_archivos_principal
LINE 17:                 AND img.sis_archivos_principal = TRUE
                             ^ EN C:\xampp\htdocs\intesis\src\Modelos\ProductoModelo.php:45
