################################################
Fecha:   2026-06-09 18:08:20
Archivo: N/A
Detalle: AVISO
Error:   MENSAJE NO CONFIGURADO: CONFIRMAR_ANULAR_DOCUMENTO
Linea:   N/A
################################################

################################################
Fecha:   2026-06-09 18:09:03
Archivo: N/A
Detalle: AVISO
Error:   MENSAJE NO CONFIGURADO: CONFIRMAR_ANULAR_DOCUMENTO
Linea:   N/A
################################################

################################################
Fecha:   2026-06-09 18:09:18
Archivo: N/A
Detalle: AVISO
Error:   MENSAJE NO CONFIGURADO: CONFIRMAR_ANULAR_DOCUMENTO
Linea:   N/A
################################################

################################################
Fecha:   2026-06-09 18:11:42
Archivo: N/A
Detalle: AVISO
Error:   MENSAJE NO CONFIGURADO: CONFIRMAR_INACTIVAR_PROVEEDOR
Linea:   N/A
################################################

################################################
Fecha:   2026-06-09 18:11:43
Archivo: N/A
Detalle: AVISO
Error:   MENSAJE NO CONFIGURADO: CONFIRMAR_ANULAR_DOCUMENTO
Linea:   N/A
################################################

################################################
Fecha:   2026-06-09 18:12:01
Archivo: N/A
Detalle: AVISO
Error:   MENSAJE NO CONFIGURADO: CONFIRMAR_ANULAR_DOCUMENTO
Linea:   N/A
################################################

################################################
Fecha:   2026-06-09 18:12:02
Archivo: N/A
Detalle: AVISO
Error:   MENSAJE NO CONFIGURADO: CONFIRMAR_ANULAR_DOCUMENTO
Linea:   N/A
################################################

################################################
Fecha:   2026-06-09 18:12:04
Archivo: C:\xampp\htdocs\intesis\src\Modelos\DocumentoCompraModelo.php
Detalle: PDOException
Error:   SQLSTATE[42804]: Datatype mismatch: 7 ERROR:  los tipos boolean y integer no son coincidentes en COALESCE
LINE 4: ...  COALESCE(bu.inv_bodega_usuarios_predeterminada, 0) AS pred...
                                                             ^
Linea:   364
################################################

################################################
Fecha:   2026-06-09 18:12:06
Archivo: N/A
Detalle: AVISO
Error:   MENSAJE NO CONFIGURADO: CONFIRMAR_ANULAR_DOCUMENTO
Linea:   N/A
################################################

################################################
Fecha:   2026-06-09 18:12:07
Archivo: N/A
Detalle: AVISO
Error:   MENSAJE NO CONFIGURADO: CONFIRMAR_ANULAR_DOCUMENTO
Linea:   N/A
################################################

################################################
Fecha:   2026-06-09 18:12:09
Archivo: C:\xampp\htdocs\intesis\src\Modelos\DocumentoCompraModelo.php
Detalle: PDOException
Error:   SQLSTATE[42804]: Datatype mismatch: 7 ERROR:  los tipos boolean y integer no son coincidentes en COALESCE
LINE 4: ...  COALESCE(bu.inv_bodega_usuarios_predeterminada, 0) AS pred...
                                                             ^
Linea:   364
################################################

################################################
Fecha:   2026-06-09 18:12:24
Archivo: N/A
Detalle: AVISO
Error:   MENSAJE NO CONFIGURADO: CONFIRMAR_ANULAR_DOCUMENTO
Linea:   N/A
################################################

################################################
Fecha:   2026-06-09 18:12:26
Archivo: N/A
Detalle: AVISO
Error:   MENSAJE NO CONFIGURADO: CONFIRMAR_ANULAR_DOCUMENTO
Linea:   N/A
################################################

