################################################
Fecha:   2026-06-13 10:26:15
Archivo: N/A
Detalle: AVISO
Error:   MENSAJE NO CONFIGURADO: CONFIRMAR_INACTIVAR_PROVEEDOR
Linea:   N/A
################################################

################################################
Fecha:   2026-06-13 10:28:11
Archivo: N/A
Detalle: AVISO
Error:   MENSAJE NO CONFIGURADO: CONFIRMAR_INACTIVAR_PROVEEDOR
Linea:   N/A
################################################

################################################
Fecha:   2026-06-13 10:28:55
Archivo: N/A
Detalle: AVISO
Error:   MENSAJE NO CONFIGURADO: CONFIRMAR_INACTIVAR_PROVEEDOR
Linea:   N/A
################################################

################################################
Fecha:   2026-06-13 10:29:56
Archivo: N/A
Detalle: AVISO
Error:   MENSAJE NO CONFIGURADO: CONFIRMAR_INACTIVAR_PROVEEDOR
Linea:   N/A
################################################

################################################
Fecha:   2026-06-13 10:30:03
Archivo: N/A
Detalle: AVISO
Error:   MENSAJE NO CONFIGURADO: CONFIRMAR_INACTIVAR_PROVEEDOR
Linea:   N/A
################################################

################################################
Fecha:   2026-06-13 10:30:24
Archivo: N/A
Detalle: AVISO
Error:   MENSAJE NO CONFIGURADO: CONFIRMAR_ANULAR_DOCUMENTO
Linea:   N/A
################################################

################################################
Fecha:   2026-06-13 10:32:19
Archivo: N/A
Detalle: AVISO
Error:   MENSAJE NO CONFIGURADO: CONFIRMAR_ANULAR_DOCUMENTO
Linea:   N/A
################################################

################################################
Fecha:   2026-06-13 10:32:20
Archivo: N/A
Detalle: AVISO
Error:   MENSAJE NO CONFIGURADO: CONFIRMAR_ANULAR_DOCUMENTO
Linea:   N/A
################################################

################################################
Fecha:   2026-06-13 10:33:05
Archivo: C:\xampp\htdocs\intesis\src\Modelos\DocumentoCompraModelo.php
Detalle: PDOException
Error:   SQLSTATE[42703]: Undefined column: 7 ERROR:  no existe la columna d.com_documento_fecha
LINE 19:             AND d.com_documento_fecha >= $2
                         ^
Linea:   53
################################################

################################################
Fecha:   2026-06-13 10:33:06
Archivo: C:\xampp\htdocs\intesis\src\Modelos\DocumentoCompraModelo.php
Detalle: PDOException
Error:   SQLSTATE[42703]: Undefined column: 7 ERROR:  no existe la columna d.com_documento_fecha
LINE 19:             AND d.com_documento_fecha >= $2
                         ^
Linea:   53
################################################

################################################
Fecha:   2026-06-13 10:33:34
Archivo: C:\xampp\htdocs\intesis\src\Modelos\DocumentoCompraModelo.php
Detalle: PDOException
Error:   SQLSTATE[42703]: Undefined column: 7 ERROR:  no existe la columna d.com_documento_fecha
LINE 19:             AND d.com_documento_fecha >= $2
                         ^
Linea:   53
################################################

################################################
Fecha:   2026-06-13 10:33:36
Archivo: C:\xampp\htdocs\intesis\src\Modelos\DocumentoCompraModelo.php
Detalle: PDOException
Error:   SQLSTATE[42703]: Undefined column: 7 ERROR:  no existe la columna d.com_documento_fecha
LINE 19:             AND d.com_documento_fecha >= $2
                         ^
Linea:   53
################################################

################################################
Fecha:   2026-06-13 10:33:37
Archivo: C:\xampp\htdocs\intesis\src\Modelos\DocumentoCompraModelo.php
Detalle: PDOException
Error:   SQLSTATE[42703]: Undefined column: 7 ERROR:  no existe la columna d.com_documento_fecha
LINE 19:             AND d.com_documento_fecha >= $2
                         ^
Linea:   53
################################################

################################################
Fecha:   2026-06-13 10:33:37
Archivo: C:\xampp\htdocs\intesis\src\Modelos\DocumentoCompraModelo.php
Detalle: PDOException
Error:   SQLSTATE[42703]: Undefined column: 7 ERROR:  no existe la columna d.com_documento_fecha
LINE 19:             AND d.com_documento_fecha >= $2
                         ^
Linea:   53
################################################

################################################
Fecha:   2026-06-13 10:33:38
Archivo: C:\xampp\htdocs\intesis\src\Modelos\DocumentoCompraModelo.php
Detalle: PDOException
Error:   SQLSTATE[42703]: Undefined column: 7 ERROR:  no existe la columna d.com_documento_fecha
LINE 19:             AND d.com_documento_fecha >= $2
                         ^
Linea:   53
################################################

################################################
Fecha:   2026-06-13 10:33:54
Archivo: C:\xampp\htdocs\intesis\src\Modelos\DocumentoCompraModelo.php
Detalle: PDOException
Error:   SQLSTATE[42703]: Undefined column: 7 ERROR:  no existe la columna d.com_documento_fecha
LINE 19:             AND d.com_documento_fecha >= $2
                         ^
Linea:   53
################################################

################################################
Fecha:   2026-06-13 10:33:54
Archivo: C:\xampp\htdocs\intesis\src\Modelos\DocumentoCompraModelo.php
Detalle: PDOException
Error:   SQLSTATE[42703]: Undefined column: 7 ERROR:  no existe la columna d.com_documento_fecha
LINE 19:             AND d.com_documento_fecha >= $2
                         ^
Linea:   53
################################################

################################################
Fecha:   2026-06-13 10:33:55
Archivo: C:\xampp\htdocs\intesis\src\Modelos\DocumentoCompraModelo.php
Detalle: PDOException
Error:   SQLSTATE[42703]: Undefined column: 7 ERROR:  no existe la columna d.com_documento_fecha
LINE 19:             AND d.com_documento_fecha >= $2
                         ^
Linea:   53
################################################

################################################
Fecha:   2026-06-13 10:33:55
Archivo: C:\xampp\htdocs\intesis\src\Modelos\DocumentoCompraModelo.php
Detalle: PDOException
Error:   SQLSTATE[42703]: Undefined column: 7 ERROR:  no existe la columna d.com_documento_fecha
LINE 19:             AND d.com_documento_fecha >= $2
                         ^
Linea:   53
################################################

################################################
Fecha:   2026-06-13 10:38:53
Archivo: N/A
Detalle: AVISO
Error:   MENSAJE NO CONFIGURADO: CONFIRMAR_ANULAR_DOCUMENTO
Linea:   N/A
################################################

################################################
Fecha:   2026-06-13 10:39:00
Archivo: N/A
Detalle: AVISO
Error:   MENSAJE NO CONFIGURADO: CONFIRMAR_ANULAR_DOCUMENTO
Linea:   N/A
################################################

################################################
Fecha:   2026-06-13 10:54:49
Archivo: N/A
Detalle: AVISO
Error:   MENSAJE NO CONFIGURADO: CONFIRMAR_ANULAR_DOCUMENTO
Linea:   N/A
################################################

################################################
Fecha:   2026-06-13 11:37:37
Archivo: N/A
Detalle: AVISO
Error:   MENSAJE NO CONFIGURADO: CONFIRMAR_INACTIVAR_PROVEEDOR
Linea:   N/A
################################################

################################################
Fecha:   2026-06-13 11:37:38
Archivo: N/A
Detalle: AVISO
Error:   MENSAJE NO CONFIGURADO: CONFIRMAR_INACTIVAR_PROVEEDOR
Linea:   N/A
################################################

################################################
Fecha:   2026-06-13 11:37:42
Archivo: N/A
Detalle: AVISO
Error:   MENSAJE NO CONFIGURADO: CONFIRMAR_INACTIVAR_PROVEEDOR
Linea:   N/A
################################################

################################################
Fecha:   2026-06-13 11:37:43
Archivo: N/A
Detalle: AVISO
Error:   MENSAJE NO CONFIGURADO: CONFIRMAR_INACTIVAR_PROVEEDOR
Linea:   N/A
################################################

################################################
Fecha:   2026-06-13 11:37:48
Archivo: N/A
Detalle: AVISO
Error:   MENSAJE NO CONFIGURADO: CONFIRMAR_ANULAR_DOCUMENTO
Linea:   N/A
################################################

################################################
Fecha:   2026-06-13 11:37:49
Archivo: N/A
Detalle: AVISO
Error:   MENSAJE NO CONFIGURADO: CONFIRMAR_ANULAR_DOCUMENTO
Linea:   N/A
################################################

################################################
Fecha:   2026-06-13 11:37:49
Archivo: N/A
Detalle: AVISO
Error:   MENSAJE NO CONFIGURADO: CONFIRMAR_ANULAR_DOCUMENTO
Linea:   N/A
################################################

################################################
Fecha:   2026-06-13 11:37:50
Archivo: N/A
Detalle: AVISO
Error:   MENSAJE NO CONFIGURADO: CONFIRMAR_ANULAR_DOCUMENTO
Linea:   N/A
################################################

################################################
Fecha:   2026-06-13 11:37:51
Archivo: N/A
Detalle: AVISO
Error:   MENSAJE NO CONFIGURADO: CONFIRMAR_INACTIVAR_PROVEEDOR
Linea:   N/A
################################################

################################################
Fecha:   2026-06-13 11:37:53
Archivo: N/A
Detalle: AVISO
Error:   MENSAJE NO CONFIGURADO: CONFIRMAR_ANULAR_DOCUMENTO
Linea:   N/A
################################################

################################################
Fecha:   2026-06-13 12:02:42
Archivo: N/A
Detalle: AVISO
Error:   MENSAJE NO CONFIGURADO: CONFIRMAR_ANULAR_DOCUMENTO
Linea:   N/A
################################################

################################################
Fecha:   2026-06-13 12:22:32
Archivo: N/A
Detalle: AVISO
Error:   MENSAJE NO CONFIGURADO: CONFIRMAR_ANULAR_DOCUMENTO
Linea:   N/A
################################################

################################################
Fecha:   2026-06-13 12:28:06
Archivo: C:\xampp\htdocs\intesis\src\Modelos\ProformaModelo.php
Detalle: PDOException
Error:   SQLSTATE[42703]: Undefined column: 7 ERROR:  no existe la columna c.ven_cliente_correo
LINE 4:                    c.ven_cliente_telefono, c.ven_cliente_cor...
                                                   ^
Linea:   494
################################################

################################################
Fecha:   2026-06-13 22:19:31
Archivo: N/A
Detalle: AVISO
Error:   MENSAJE NO CONFIGURADO: CONFIRMAR_ANULAR_DOCUMENTO
Linea:   N/A
################################################

