################################################
Fecha:   2026-06-10 13:29:27
Archivo: N/A
Detalle: AVISO
Error:   MENSAJE NO CONFIGURADO: CONFIRMAR_ANULAR_DOCUMENTO
Linea:   N/A
################################################

################################################
Fecha:   2026-06-10 13:29:27
Archivo: C:\xampp\htdocs\intesis\src\Modelos\DocumentoCompraModelo.php
Detalle: PDOException
Error:   SQLSTATE[42804]: Datatype mismatch: 7 ERROR:  los tipos boolean y integer no son coincidentes en COALESCE
LINE 4: ...  COALESCE(bu.inv_bodega_usuarios_predeterminada, 0) AS pred...
                                                             ^
Linea:   364
################################################

################################################
Fecha:   2026-06-10 13:29:27
Archivo: N/A
Detalle: AVISO
Error:   MENSAJE NO CONFIGURADO: CONFIRMAR_ANULAR_DOCUMENTO
Linea:   N/A
################################################

################################################
Fecha:   2026-06-10 13:29:28
Archivo: C:\xampp\htdocs\intesis\src\Modelos\DocumentoCompraModelo.php
Detalle: PDOException
Error:   SQLSTATE[42804]: Datatype mismatch: 7 ERROR:  los tipos boolean y integer no son coincidentes en COALESCE
LINE 4: ...  COALESCE(bu.inv_bodega_usuarios_predeterminada, 0) AS pred...
                                                             ^
Linea:   364
################################################

################################################
Fecha:   2026-06-10 13:29:30
Archivo: N/A
Detalle: AVISO
Error:   MENSAJE NO CONFIGURADO: CONFIRMAR_ANULAR_DOCUMENTO
Linea:   N/A
################################################

################################################
Fecha:   2026-06-10 13:29:31
Archivo: N/A
Detalle: AVISO
Error:   MENSAJE NO CONFIGURADO: CONFIRMAR_ANULAR_DOCUMENTO
Linea:   N/A
################################################

################################################
Fecha:   2026-06-10 13:29:32
Archivo: C:\xampp\htdocs\intesis\src\Modelos\DocumentoCompraModelo.php
Detalle: PDOException
Error:   SQLSTATE[42804]: Datatype mismatch: 7 ERROR:  los tipos boolean y integer no son coincidentes en COALESCE
LINE 4: ...  COALESCE(bu.inv_bodega_usuarios_predeterminada, 0) AS pred...
                                                             ^
Linea:   364
################################################

################################################
Fecha:   2026-06-10 13:51:35
Archivo: C:\xampp\htdocs\intesis\src\Modelos\DocumentoCompraModelo.php
Detalle: PDOException
Error:   SQLSTATE[42883]: Undefined function: 7 ERROR:  el operador no existe: smallint = boolean
LINE 10:                     AND bu.inv_bodega_usuarios_estado = TRUE
                                                               ^
HINT:  Ningún operador coincide en el nombre y tipos de argumentos. Puede ser necesario agregar conversión explícita de tipos.
Linea:   364
################################################

################################################
Fecha:   2026-06-10 13:51:37
Archivo: N/A
Detalle: AVISO
Error:   MENSAJE NO CONFIGURADO: CONFIRMAR_ANULAR_DOCUMENTO
Linea:   N/A
################################################

################################################
Fecha:   2026-06-10 13:51:38
Archivo: C:\xampp\htdocs\intesis\src\Modelos\DocumentoCompraModelo.php
Detalle: PDOException
Error:   SQLSTATE[42883]: Undefined function: 7 ERROR:  el operador no existe: smallint = boolean
LINE 10:                     AND bu.inv_bodega_usuarios_estado = TRUE
                                                               ^
HINT:  Ningún operador coincide en el nombre y tipos de argumentos. Puede ser necesario agregar conversión explícita de tipos.
Linea:   364
################################################

################################################
Fecha:   2026-06-10 13:53:24
Archivo: N/A
Detalle: AVISO
Error:   MENSAJE NO CONFIGURADO: CONFIRMAR_ANULAR_DOCUMENTO
Linea:   N/A
################################################

################################################
Fecha:   2026-06-10 13:54:37
Archivo: N/A
Detalle: AVISO
Error:   MENSAJE NO CONFIGURADO: CONFIRMAR_ANULAR_DOCUMENTO
Linea:   N/A
################################################

################################################
Fecha:   2026-06-10 13:54:40
Archivo: N/A
Detalle: AVISO
Error:   MENSAJE NO CONFIGURADO: CONFIRMAR_ANULAR_DOCUMENTO
Linea:   N/A
################################################

################################################
Fecha:   2026-06-10 13:55:46
Archivo: N/A
Detalle: AVISO
Error:   MENSAJE NO CONFIGURADO: CONFIRMAR_ANULAR_DOCUMENTO
Linea:   N/A
################################################

################################################
Fecha:   2026-06-10 13:55:48
Archivo: N/A
Detalle: AVISO
Error:   MENSAJE NO CONFIGURADO: CONFIRMAR_ANULAR_DOCUMENTO
Linea:   N/A
################################################

################################################
Fecha:   2026-06-10 13:55:48
Archivo: N/A
Detalle: AVISO
Error:   MENSAJE NO CONFIGURADO: CONFIRMAR_ANULAR_DOCUMENTO
Linea:   N/A
################################################

################################################
Fecha:   2026-06-10 13:55:49
Archivo: N/A
Detalle: AVISO
Error:   MENSAJE NO CONFIGURADO: CONFIRMAR_ANULAR_DOCUMENTO
Linea:   N/A
################################################

################################################
Fecha:   2026-06-10 13:55:49
Archivo: N/A
Detalle: AVISO
Error:   MENSAJE NO CONFIGURADO: CONFIRMAR_ANULAR_DOCUMENTO
Linea:   N/A
################################################

################################################
Fecha:   2026-06-10 13:55:55
Archivo: N/A
Detalle: AVISO
Error:   MENSAJE NO CONFIGURADO: CONFIRMAR_ANULAR_DOCUMENTO
Linea:   N/A
################################################

################################################
Fecha:   2026-06-10 13:55:56
Archivo: N/A
Detalle: AVISO
Error:   MENSAJE NO CONFIGURADO: CONFIRMAR_INACTIVAR_PROVEEDOR
Linea:   N/A
################################################

################################################
Fecha:   2026-06-10 13:55:58
Archivo: N/A
Detalle: AVISO
Error:   MENSAJE NO CONFIGURADO: CONFIRMAR_ANULAR_DOCUMENTO
Linea:   N/A
################################################

################################################
Fecha:   2026-06-10 13:58:08
Archivo: N/A
Detalle: AVISO
Error:   MENSAJE NO CONFIGURADO: CONFIRMAR_ANULAR_DOCUMENTO
Linea:   N/A
################################################

################################################
Fecha:   2026-06-10 13:58:15
Archivo: N/A
Detalle: AVISO
Error:   MENSAJE NO CONFIGURADO: CONFIRMAR_ANULAR_DOCUMENTO
Linea:   N/A
################################################

################################################
Fecha:   2026-06-10 13:58:22
Archivo: N/A
Detalle: AVISO
Error:   MENSAJE NO CONFIGURADO: CONFIRMAR_ANULAR_DOCUMENTO
Linea:   N/A
################################################

################################################
Fecha:   2026-06-10 17:34:49
Archivo: N/A
Detalle: AVISO
Error:   MENSAJE NO CONFIGURADO: CONFIRMAR_INACTIVAR_PROVEEDOR
Linea:   N/A
################################################

################################################
Fecha:   2026-06-10 17:34:51
Archivo: N/A
Detalle: AVISO
Error:   MENSAJE NO CONFIGURADO: CONFIRMAR_ANULAR_DOCUMENTO
Linea:   N/A
################################################

################################################
Fecha:   2026-06-10 17:34:55
Archivo: N/A
Detalle: AVISO
Error:   MENSAJE NO CONFIGURADO: CONFIRMAR_INACTIVAR_PROVEEDOR
Linea:   N/A
################################################

################################################
Fecha:   2026-06-10 17:34:57
Archivo: N/A
Detalle: AVISO
Error:   MENSAJE NO CONFIGURADO: CONFIRMAR_INACTIVAR_PROVEEDOR
Linea:   N/A
################################################

################################################
Fecha:   2026-06-10 17:35:03
Archivo: N/A
Detalle: AVISO
Error:   MENSAJE NO CONFIGURADO: CONFIRMAR_ANULAR_DOCUMENTO
Linea:   N/A
################################################

################################################
Fecha:   2026-06-10 17:36:37
Archivo: N/A
Detalle: AVISO
Error:   MENSAJE NO CONFIGURADO: CONFIRMAR_ANULAR_DOCUMENTO
Linea:   N/A
################################################

################################################
Fecha:   2026-06-10 17:37:08
Archivo: C:\xampp\htdocs\intesis\src\Modelos\DocumentoCompraModelo.php
Detalle: ERROR PHP NIVEL 2
Error:   Undefined array key "sis_estado_codigo"
Linea:   196
################################################

################################################
Fecha:   2026-06-10 17:37:08
Archivo: C:\xampp\htdocs\intesis\src\Modelos\DocumentoCompraModelo.php
Detalle: REGISTRAR DOCUMENTO COMPRA
Error:   Solo se pueden registrar documentos en estado BORRADOR.
Linea:   197
################################################

################################################
Fecha:   2026-06-10 17:37:09
Archivo: N/A
Detalle: AVISO
Error:   MENSAJE NO CONFIGURADO: CONFIRMAR_ANULAR_DOCUMENTO
Linea:   N/A
################################################

################################################
Fecha:   2026-06-10 17:37:17
Archivo: C:\xampp\htdocs\intesis\src\Modelos\DocumentoCompraModelo.php
Detalle: ERROR PHP NIVEL 2
Error:   Undefined array key "sis_estado_codigo"
Linea:   196
################################################

################################################
Fecha:   2026-06-10 17:37:17
Archivo: C:\xampp\htdocs\intesis\src\Modelos\DocumentoCompraModelo.php
Detalle: REGISTRAR DOCUMENTO COMPRA
Error:   Solo se pueden registrar documentos en estado BORRADOR.
Linea:   197
################################################

################################################
Fecha:   2026-06-10 17:37:17
Archivo: N/A
Detalle: AVISO
Error:   MENSAJE NO CONFIGURADO: CONFIRMAR_ANULAR_DOCUMENTO
Linea:   N/A
################################################

################################################
Fecha:   2026-06-10 17:41:33
Archivo: N/A
Detalle: AVISO
Error:   MENSAJE NO CONFIGURADO: CONFIRMAR_ANULAR_DOCUMENTO
Linea:   N/A
################################################

################################################
Fecha:   2026-06-10 17:41:38
Archivo: N/A
Detalle: AVISO
Error:   MENSAJE NO CONFIGURADO: CONFIRMAR_ANULAR_DOCUMENTO
Linea:   N/A
################################################

################################################
Fecha:   2026-06-10 17:55:09
Archivo: N/A
Detalle: AVISO
Error:   MENSAJE NO CONFIGURADO: CONFIRMAR_ANULAR_DOCUMENTO
Linea:   N/A
################################################

################################################
Fecha:   2026-06-10 18:01:29
Archivo: N/A
Detalle: AVISO
Error:   MENSAJE NO CONFIGURADO: CONFIRMAR_ANULAR_DOCUMENTO
Linea:   N/A
################################################

################################################
Fecha:   2026-06-10 18:01:59
Archivo: N/A
Detalle: AVISO
Error:   MENSAJE NO CONFIGURADO: CONFIRMAR_ANULAR_DOCUMENTO
Linea:   N/A
################################################

################################################
Fecha:   2026-06-10 18:02:45
Archivo: N/A
Detalle: AVISO
Error:   MENSAJE NO CONFIGURADO: CONFIRMAR_ANULAR_DOCUMENTO
Linea:   N/A
################################################

################################################
Fecha:   2026-06-10 18:03:02
Archivo: C:\xampp\htdocs\intesis\src\Modelos\DocumentoCompraModelo.php
Detalle: ERROR PHP NIVEL 2
Error:   Undefined array key "sis_estado_codigo"
Linea:   317
################################################

################################################
Fecha:   2026-06-10 18:03:02
Archivo: C:\xampp\htdocs\intesis\src\Modelos\DocumentoCompraModelo.php
Detalle: REGISTRAR DOCUMENTO COMPRA
Error:   Solo se pueden registrar documentos en estado BORRADOR.
Linea:   318
################################################

################################################
Fecha:   2026-06-10 18:03:55
Archivo: N/A
Detalle: AVISO
Error:   MENSAJE NO CONFIGURADO: CONFIRMAR_ANULAR_DOCUMENTO
Linea:   N/A
################################################

################################################
Fecha:   2026-06-10 18:04:04
Archivo: C:\xampp\htdocs\intesis\src\Modelos\DocumentoCompraModelo.php
Detalle: REGISTRAR DOCUMENTO COMPRA
Error:   SQLSTATE[23514]: Check violation: 7 ERROR:  el nuevo registro para la relación «inv_kardex» viola la restricción «check» «chk_inv_kardex_tipo_movimiento»
DETAIL:  La fila que falla contiene (18, 1, 5, 10, 2026-06-10 00:00:00, ENTRADA, COM_DOCUMENTO, 1, 001002000005, 1.0000, 0.0000, 12.400000, 11.0000, 136.400000, , 1, null, 2026-06-10 18:04:04.567641, null).
Linea:   710
################################################

################################################
Fecha:   2026-06-10 18:04:36
Archivo: N/A
Detalle: AVISO
Error:   MENSAJE NO CONFIGURADO: CONFIRMAR_ANULAR_DOCUMENTO
Linea:   N/A
################################################

################################################
Fecha:   2026-06-10 18:04:45
Archivo: N/A
Detalle: AVISO
Error:   MENSAJE NO CONFIGURADO: CONFIRMAR_ANULAR_DOCUMENTO
Linea:   N/A
################################################

################################################
Fecha:   2026-06-10 18:05:34
Archivo: N/A
Detalle: AVISO
Error:   MENSAJE NO CONFIGURADO: CONFIRMAR_ANULAR_DOCUMENTO
Linea:   N/A
################################################

################################################
Fecha:   2026-06-10 18:05:37
Archivo: N/A
Detalle: AVISO
Error:   MENSAJE NO CONFIGURADO: CONFIRMAR_ANULAR_DOCUMENTO
Linea:   N/A
################################################

################################################
Fecha:   2026-06-10 18:05:48
Archivo: N/A
Detalle: AVISO
Error:   MENSAJE NO CONFIGURADO: CONFIRMAR_ANULAR_DOCUMENTO
Linea:   N/A
################################################

################################################
Fecha:   2026-06-10 18:05:55
Archivo: N/A
Detalle: AVISO
Error:   MENSAJE NO CONFIGURADO: CONFIRMAR_ANULAR_DOCUMENTO
Linea:   N/A
################################################

################################################
Fecha:   2026-06-10 18:06:37
Archivo: N/A
Detalle: AVISO
Error:   MENSAJE NO CONFIGURADO: CONFIRMAR_ANULAR_DOCUMENTO
Linea:   N/A
################################################

################################################
Fecha:   2026-06-10 18:07:19
Archivo: N/A
Detalle: AVISO
Error:   MENSAJE NO CONFIGURADO: CONFIRMAR_ANULAR_DOCUMENTO
Linea:   N/A
################################################

################################################
Fecha:   2026-06-10 18:07:30
Archivo: C:\xampp\htdocs\intesis\src\Nucleo\Aplicacion.php
Detalle: Error
Error:   Class "Intesis\Modelos\ClienteModelo" not found
Linea:   91
################################################

################################################
Fecha:   2026-06-10 18:07:31
Archivo: C:\xampp\htdocs\intesis\src\Nucleo\Aplicacion.php
Detalle: Error
Error:   Class "Intesis\Modelos\ClienteModelo" not found
Linea:   91
################################################

################################################
Fecha:   2026-06-10 18:07:34
Archivo: C:\xampp\htdocs\intesis\src\Nucleo\Aplicacion.php
Detalle: Error
Error:   Class "Intesis\Modelos\ClienteModelo" not found
Linea:   91
################################################

################################################
Fecha:   2026-06-10 18:07:35
Archivo: C:\xampp\htdocs\intesis\src\Nucleo\Aplicacion.php
Detalle: Error
Error:   Class "Intesis\Modelos\ClienteModelo" not found
Linea:   91
################################################

################################################
Fecha:   2026-06-10 18:07:36
Archivo: C:\xampp\htdocs\intesis\src\Nucleo\Aplicacion.php
Detalle: Error
Error:   Class "Intesis\Modelos\ClienteModelo" not found
Linea:   91
################################################

################################################
Fecha:   2026-06-10 18:07:36
Archivo: C:\xampp\htdocs\intesis\src\Nucleo\Aplicacion.php
Detalle: Error
Error:   Class "Intesis\Modelos\ClienteModelo" not found
Linea:   91
################################################

################################################
Fecha:   2026-06-10 18:07:37
Archivo: C:\xampp\htdocs\intesis\src\Nucleo\Aplicacion.php
Detalle: Error
Error:   Class "Intesis\Modelos\ClienteModelo" not found
Linea:   91
################################################

################################################
Fecha:   2026-06-10 18:07:38
Archivo: C:\xampp\htdocs\intesis\src\Nucleo\Aplicacion.php
Detalle: Error
Error:   Class "Intesis\Modelos\ClienteModelo" not found
Linea:   91
################################################

################################################
Fecha:   2026-06-10 18:07:54
Archivo: C:\xampp\htdocs\intesis\src\Nucleo\Aplicacion.php
Detalle: Error
Error:   Class "Intesis\Modelos\ClienteModelo" not found
Linea:   91
################################################

################################################
Fecha:   2026-06-10 18:08:11
Archivo: C:\xampp\htdocs\intesis\src\Nucleo\Aplicacion.php
Detalle: Error
Error:   Class "Intesis\Controladores\ClienteControlador" not found
Linea:   113
################################################

################################################
Fecha:   2026-06-10 18:08:12
Archivo: C:\xampp\htdocs\intesis\src\Nucleo\Aplicacion.php
Detalle: Error
Error:   Class "Intesis\Controladores\ClienteControlador" not found
Linea:   113
################################################

################################################
Fecha:   2026-06-10 18:08:12
Archivo: C:\xampp\htdocs\intesis\src\Nucleo\Aplicacion.php
Detalle: Error
Error:   Class "Intesis\Controladores\ClienteControlador" not found
Linea:   113
################################################

################################################
Fecha:   2026-06-10 18:08:12
Archivo: C:\xampp\htdocs\intesis\src\Nucleo\Aplicacion.php
Detalle: Error
Error:   Class "Intesis\Controladores\ClienteControlador" not found
Linea:   113
################################################

################################################
Fecha:   2026-06-10 18:08:12
Archivo: C:\xampp\htdocs\intesis\src\Nucleo\Aplicacion.php
Detalle: Error
Error:   Class "Intesis\Controladores\ClienteControlador" not found
Linea:   113
################################################

################################################
Fecha:   2026-06-10 18:08:49
Archivo: N/A
Detalle: AVISO
Error:   MENSAJE NO CONFIGURADO: CONFIRMAR_ANULAR_DOCUMENTO
Linea:   N/A
################################################

################################################
Fecha:   2026-06-10 18:09:34
Archivo: N/A
Detalle: AVISO
Error:   MENSAJE NO CONFIGURADO: CONFIRMAR_ANULAR_DOCUMENTO
Linea:   N/A
################################################

################################################
Fecha:   2026-06-10 18:10:01
Archivo: N/A
Detalle: AVISO
Error:   MENSAJE NO CONFIGURADO: CONFIRMAR_ANULAR_DOCUMENTO
Linea:   N/A
################################################

################################################
Fecha:   2026-06-10 18:11:07
Archivo: N/A
Detalle: AVISO
Error:   MENSAJE NO CONFIGURADO: CONFIRMAR_ANULAR_DOCUMENTO
Linea:   N/A
################################################

################################################
Fecha:   2026-06-10 18:11:07
Archivo: N/A
Detalle: AVISO
Error:   MENSAJE NO CONFIGURADO: CONFIRMAR_ANULAR_DOCUMENTO
Linea:   N/A
################################################

################################################
Fecha:   2026-06-10 18:11:08
Archivo: N/A
Detalle: AVISO
Error:   MENSAJE NO CONFIGURADO: CONFIRMAR_ANULAR_DOCUMENTO
Linea:   N/A
################################################

################################################
Fecha:   2026-06-10 18:11:44
Archivo: N/A
Detalle: AVISO
Error:   MENSAJE NO CONFIGURADO: CONFIRMAR_ANULAR_DOCUMENTO
Linea:   N/A
################################################

################################################
Fecha:   2026-06-10 18:11:45
Archivo: N/A
Detalle: AVISO
Error:   MENSAJE NO CONFIGURADO: CONFIRMAR_ANULAR_DOCUMENTO
Linea:   N/A
################################################

################################################
Fecha:   2026-06-10 18:11:46
Archivo: N/A
Detalle: AVISO
Error:   MENSAJE NO CONFIGURADO: CONFIRMAR_ANULAR_DOCUMENTO
Linea:   N/A
################################################

################################################
Fecha:   2026-06-10 18:11:46
Archivo: N/A
Detalle: AVISO
Error:   MENSAJE NO CONFIGURADO: CONFIRMAR_ANULAR_DOCUMENTO
Linea:   N/A
################################################

################################################
Fecha:   2026-06-10 18:11:46
Archivo: N/A
Detalle: AVISO
Error:   MENSAJE NO CONFIGURADO: CONFIRMAR_ANULAR_DOCUMENTO
Linea:   N/A
################################################

################################################
Fecha:   2026-06-10 18:11:47
Archivo: N/A
Detalle: AVISO
Error:   MENSAJE NO CONFIGURADO: CONFIRMAR_ANULAR_DOCUMENTO
Linea:   N/A
################################################

################################################
Fecha:   2026-06-10 18:12:11
Archivo: N/A
Detalle: AVISO
Error:   MENSAJE NO CONFIGURADO: CONFIRMAR_ANULAR_DOCUMENTO
Linea:   N/A
################################################

################################################
Fecha:   2026-06-10 18:12:11
Archivo: N/A
Detalle: AVISO
Error:   MENSAJE NO CONFIGURADO: CONFIRMAR_ANULAR_DOCUMENTO
Linea:   N/A
################################################

################################################
Fecha:   2026-06-10 18:12:12
Archivo: N/A
Detalle: AVISO
Error:   MENSAJE NO CONFIGURADO: CONFIRMAR_ANULAR_DOCUMENTO
Linea:   N/A
################################################

################################################
Fecha:   2026-06-10 18:14:22
Archivo: N/A
Detalle: AVISO
Error:   MENSAJE NO CONFIGURADO: CONFIRMAR_ANULAR_DOCUMENTO
Linea:   N/A
################################################

################################################
Fecha:   2026-06-10 18:14:35
Archivo: N/A
Detalle: AVISO
Error:   MENSAJE NO CONFIGURADO: CONFIRMAR_ANULAR_DOCUMENTO
Linea:   N/A
################################################

################################################
Fecha:   2026-06-10 18:18:15
Archivo: N/A
Detalle: AVISO
Error:   MENSAJE NO CONFIGURADO: CONFIRMAR_ANULAR_DOCUMENTO
Linea:   N/A
################################################

################################################
Fecha:   2026-06-10 21:56:37
Archivo: N/A
Detalle: AVISO
Error:   MENSAJE NO CONFIGURADO: CONFIRMAR_ANULAR_DOCUMENTO
Linea:   N/A
################################################

################################################
Fecha:   2026-06-10 21:56:45
Archivo: N/A
Detalle: AVISO
Error:   MENSAJE NO CONFIGURADO: CONFIRMAR_ANULAR_DOCUMENTO
Linea:   N/A
################################################

################################################
Fecha:   2026-06-10 21:57:17
Archivo: N/A
Detalle: AVISO
Error:   MENSAJE NO CONFIGURADO: CONFIRMAR_ANULAR_DOCUMENTO
Linea:   N/A
################################################

################################################
Fecha:   2026-06-10 21:59:18
Archivo: N/A
Detalle: AVISO
Error:   MENSAJE NO CONFIGURADO: CONFIRMAR_ANULAR_DOCUMENTO
Linea:   N/A
################################################

################################################
Fecha:   2026-06-10 21:59:43
Archivo: N/A
Detalle: AVISO
Error:   MENSAJE NO CONFIGURADO: CONFIRMAR_ANULAR_DOCUMENTO
Linea:   N/A
################################################

################################################
Fecha:   2026-06-10 22:01:25
Archivo: N/A
Detalle: AVISO
Error:   MENSAJE NO CONFIGURADO: CONFIRMAR_ANULAR_DOCUMENTO
Linea:   N/A
################################################

################################################
Fecha:   2026-06-10 22:03:41
Archivo: N/A
Detalle: AVISO
Error:   MENSAJE NO CONFIGURADO: CONFIRMAR_ANULAR_DOCUMENTO
Linea:   N/A
################################################

################################################
Fecha:   2026-06-10 22:07:45
Archivo: N/A
Detalle: AVISO
Error:   MENSAJE NO CONFIGURADO: CONFIRMAR_ANULAR_DOCUMENTO
Linea:   N/A
################################################

################################################
Fecha:   2026-06-10 22:07:45
Archivo: C:\xampp\htdocs\intesis\src\Modelos\SriImportacionModelo.php
Detalle: PDOException
Error:   SQLSTATE[42703]: Undefined column: 7 ERROR:  no existe la columna cp.com_proveedor_ruc
LINE 2:                     cp.com_proveedor_ruc,
                            ^
HINT:  Probablemente quiera hacer referencia a la columna «cp.com_proveedor_id».
Linea:   512
################################################

################################################
Fecha:   2026-06-10 22:08:19
Archivo: N/A
Detalle: AVISO
Error:   MENSAJE NO CONFIGURADO: CONFIRMAR_ANULAR_DOCUMENTO
Linea:   N/A
################################################

################################################
Fecha:   2026-06-10 22:08:19
Archivo: C:\xampp\htdocs\intesis\src\Modelos\SriImportacionModelo.php
Detalle: PDOException
Error:   SQLSTATE[42703]: Undefined column: 7 ERROR:  no existe la columna cp.com_proveedor_ruc
LINE 2:                     cp.com_proveedor_ruc,
                            ^
HINT:  Probablemente quiera hacer referencia a la columna «cp.com_proveedor_id».
Linea:   512
################################################

################################################
Fecha:   2026-06-10 22:08:19
Archivo: N/A
Detalle: AVISO
Error:   MENSAJE NO CONFIGURADO: CONFIRMAR_ANULAR_DOCUMENTO
Linea:   N/A
################################################

################################################
Fecha:   2026-06-10 22:08:19
Archivo: C:\xampp\htdocs\intesis\src\Modelos\SriImportacionModelo.php
Detalle: PDOException
Error:   SQLSTATE[42703]: Undefined column: 7 ERROR:  no existe la columna cp.com_proveedor_ruc
LINE 2:                     cp.com_proveedor_ruc,
                            ^
HINT:  Probablemente quiera hacer referencia a la columna «cp.com_proveedor_id».
Linea:   512
################################################

################################################
Fecha:   2026-06-10 22:08:52
Archivo: N/A
Detalle: AVISO
Error:   MENSAJE NO CONFIGURADO: CONFIRMAR_ANULAR_DOCUMENTO
Linea:   N/A
################################################

################################################
Fecha:   2026-06-10 22:08:52
Archivo: C:\xampp\htdocs\intesis\src\Modelos\SriImportacionModelo.php
Detalle: PDOException
Error:   SQLSTATE[42703]: Undefined column: 7 ERROR:  no existe la columna cp.com_proveedor_ruc
LINE 2:                     cp.com_proveedor_ruc,
                            ^
HINT:  Probablemente quiera hacer referencia a la columna «cp.com_proveedor_id».
Linea:   512
################################################

################################################
Fecha:   2026-06-10 22:08:53
Archivo: N/A
Detalle: AVISO
Error:   MENSAJE NO CONFIGURADO: CONFIRMAR_ANULAR_DOCUMENTO
Linea:   N/A
################################################

################################################
Fecha:   2026-06-10 22:08:53
Archivo: C:\xampp\htdocs\intesis\src\Modelos\SriImportacionModelo.php
Detalle: PDOException
Error:   SQLSTATE[42703]: Undefined column: 7 ERROR:  no existe la columna cp.com_proveedor_ruc
LINE 2:                     cp.com_proveedor_ruc,
                            ^
HINT:  Probablemente quiera hacer referencia a la columna «cp.com_proveedor_id».
Linea:   512
################################################

################################################
Fecha:   2026-06-10 22:08:53
Archivo: N/A
Detalle: AVISO
Error:   MENSAJE NO CONFIGURADO: CONFIRMAR_ANULAR_DOCUMENTO
Linea:   N/A
################################################

################################################
Fecha:   2026-06-10 22:08:53
Archivo: C:\xampp\htdocs\intesis\src\Modelos\SriImportacionModelo.php
Detalle: PDOException
Error:   SQLSTATE[42703]: Undefined column: 7 ERROR:  no existe la columna cp.com_proveedor_ruc
LINE 2:                     cp.com_proveedor_ruc,
                            ^
HINT:  Probablemente quiera hacer referencia a la columna «cp.com_proveedor_id».
Linea:   512
################################################

################################################
Fecha:   2026-06-10 22:08:54
Archivo: N/A
Detalle: AVISO
Error:   MENSAJE NO CONFIGURADO: CONFIRMAR_ANULAR_DOCUMENTO
Linea:   N/A
################################################

################################################
Fecha:   2026-06-10 22:08:54
Archivo: C:\xampp\htdocs\intesis\src\Modelos\SriImportacionModelo.php
Detalle: PDOException
Error:   SQLSTATE[42703]: Undefined column: 7 ERROR:  no existe la columna cp.com_proveedor_ruc
LINE 2:                     cp.com_proveedor_ruc,
                            ^
HINT:  Probablemente quiera hacer referencia a la columna «cp.com_proveedor_id».
Linea:   512
################################################

################################################
Fecha:   2026-06-10 22:09:39
Archivo: N/A
Detalle: AVISO
Error:   MENSAJE NO CONFIGURADO: CONFIRMAR_ANULAR_DOCUMENTO
Linea:   N/A
################################################

################################################
Fecha:   2026-06-10 22:09:39
Archivo: C:\xampp\htdocs\intesis\src\Modelos\SriImportacionModelo.php
Detalle: PDOException
Error:   SQLSTATE[42703]: Undefined column: 7 ERROR:  no existe la columna cp.com_proveedor_ruc
LINE 2:                     cp.com_proveedor_ruc,
                            ^
HINT:  Probablemente quiera hacer referencia a la columna «cp.com_proveedor_id».
Linea:   512
################################################

################################################
Fecha:   2026-06-10 22:09:39
Archivo: N/A
Detalle: AVISO
Error:   MENSAJE NO CONFIGURADO: CONFIRMAR_ANULAR_DOCUMENTO
Linea:   N/A
################################################

################################################
Fecha:   2026-06-10 22:09:39
Archivo: C:\xampp\htdocs\intesis\src\Modelos\SriImportacionModelo.php
Detalle: PDOException
Error:   SQLSTATE[42703]: Undefined column: 7 ERROR:  no existe la columna cp.com_proveedor_ruc
LINE 2:                     cp.com_proveedor_ruc,
                            ^
HINT:  Probablemente quiera hacer referencia a la columna «cp.com_proveedor_id».
Linea:   512
################################################

################################################
Fecha:   2026-06-10 22:09:39
Archivo: N/A
Detalle: AVISO
Error:   MENSAJE NO CONFIGURADO: CONFIRMAR_ANULAR_DOCUMENTO
Linea:   N/A
################################################

################################################
Fecha:   2026-06-10 22:09:39
Archivo: C:\xampp\htdocs\intesis\src\Modelos\SriImportacionModelo.php
Detalle: PDOException
Error:   SQLSTATE[42703]: Undefined column: 7 ERROR:  no existe la columna cp.com_proveedor_ruc
LINE 2:                     cp.com_proveedor_ruc,
                            ^
HINT:  Probablemente quiera hacer referencia a la columna «cp.com_proveedor_id».
Linea:   512
################################################

################################################
Fecha:   2026-06-10 22:09:49
Archivo: N/A
Detalle: AVISO
Error:   MENSAJE NO CONFIGURADO: CONFIRMAR_ANULAR_DOCUMENTO
Linea:   N/A
################################################

################################################
Fecha:   2026-06-10 22:09:49
Archivo: C:\xampp\htdocs\intesis\src\Modelos\SriImportacionModelo.php
Detalle: PDOException
Error:   SQLSTATE[42703]: Undefined column: 7 ERROR:  no existe la columna cp.com_proveedor_ruc
LINE 2:                     cp.com_proveedor_ruc,
                            ^
HINT:  Probablemente quiera hacer referencia a la columna «cp.com_proveedor_id».
Linea:   512
################################################

################################################
Fecha:   2026-06-10 22:09:50
Archivo: N/A
Detalle: AVISO
Error:   MENSAJE NO CONFIGURADO: CONFIRMAR_ANULAR_DOCUMENTO
Linea:   N/A
################################################

################################################
Fecha:   2026-06-10 22:09:50
Archivo: C:\xampp\htdocs\intesis\src\Modelos\SriImportacionModelo.php
Detalle: PDOException
Error:   SQLSTATE[42703]: Undefined column: 7 ERROR:  no existe la columna cp.com_proveedor_ruc
LINE 2:                     cp.com_proveedor_ruc,
                            ^
HINT:  Probablemente quiera hacer referencia a la columna «cp.com_proveedor_id».
Linea:   512
################################################

################################################
Fecha:   2026-06-10 22:10:03
Archivo: N/A
Detalle: AVISO
Error:   MENSAJE NO CONFIGURADO: CONFIRMAR_ANULAR_DOCUMENTO
Linea:   N/A
################################################

################################################
Fecha:   2026-06-10 22:10:03
Archivo: C:\xampp\htdocs\intesis\src\Modelos\SriImportacionModelo.php
Detalle: PDOException
Error:   SQLSTATE[42703]: Undefined column: 7 ERROR:  no existe la columna cp.com_proveedor_ruc
LINE 2:                     cp.com_proveedor_ruc,
                            ^
HINT:  Probablemente quiera hacer referencia a la columna «cp.com_proveedor_id».
Linea:   512
################################################

################################################
Fecha:   2026-06-10 22:10:03
Archivo: N/A
Detalle: AVISO
Error:   MENSAJE NO CONFIGURADO: CONFIRMAR_ANULAR_DOCUMENTO
Linea:   N/A
################################################

################################################
Fecha:   2026-06-10 22:10:03
Archivo: C:\xampp\htdocs\intesis\src\Modelos\SriImportacionModelo.php
Detalle: PDOException
Error:   SQLSTATE[42703]: Undefined column: 7 ERROR:  no existe la columna cp.com_proveedor_ruc
LINE 2:                     cp.com_proveedor_ruc,
                            ^
HINT:  Probablemente quiera hacer referencia a la columna «cp.com_proveedor_id».
Linea:   512
################################################

################################################
Fecha:   2026-06-10 22:10:21
Archivo: N/A
Detalle: AVISO
Error:   MENSAJE NO CONFIGURADO: CONFIRMAR_ANULAR_DOCUMENTO
Linea:   N/A
################################################

################################################
Fecha:   2026-06-10 22:10:21
Archivo: C:\xampp\htdocs\intesis\src\Modelos\SriImportacionModelo.php
Detalle: PDOException
Error:   SQLSTATE[42703]: Undefined column: 7 ERROR:  no existe la columna cp.com_proveedor_ruc
LINE 2:                     cp.com_proveedor_ruc,
                            ^
HINT:  Probablemente quiera hacer referencia a la columna «cp.com_proveedor_id».
Linea:   512
################################################

################################################
Fecha:   2026-06-10 22:10:38
Archivo: N/A
Detalle: AVISO
Error:   MENSAJE NO CONFIGURADO: CONFIRMAR_ANULAR_DOCUMENTO
Linea:   N/A
################################################

################################################
Fecha:   2026-06-10 22:10:38
Archivo: C:\xampp\htdocs\intesis\src\Modelos\SriImportacionModelo.php
Detalle: PDOException
Error:   SQLSTATE[42703]: Undefined column: 7 ERROR:  no existe la columna cp.com_proveedor_ruc
LINE 2:                     cp.com_proveedor_ruc,
                            ^
HINT:  Probablemente quiera hacer referencia a la columna «cp.com_proveedor_id».
Linea:   512
################################################

################################################
Fecha:   2026-06-10 22:10:38
Archivo: N/A
Detalle: AVISO
Error:   MENSAJE NO CONFIGURADO: CONFIRMAR_ANULAR_DOCUMENTO
Linea:   N/A
################################################

################################################
Fecha:   2026-06-10 22:10:38
Archivo: C:\xampp\htdocs\intesis\src\Modelos\SriImportacionModelo.php
Detalle: PDOException
Error:   SQLSTATE[42703]: Undefined column: 7 ERROR:  no existe la columna cp.com_proveedor_ruc
LINE 2:                     cp.com_proveedor_ruc,
                            ^
HINT:  Probablemente quiera hacer referencia a la columna «cp.com_proveedor_id».
Linea:   512
################################################

################################################
Fecha:   2026-06-10 22:10:39
Archivo: N/A
Detalle: AVISO
Error:   MENSAJE NO CONFIGURADO: CONFIRMAR_ANULAR_DOCUMENTO
Linea:   N/A
################################################

################################################
Fecha:   2026-06-10 22:10:39
Archivo: C:\xampp\htdocs\intesis\src\Modelos\SriImportacionModelo.php
Detalle: PDOException
Error:   SQLSTATE[42703]: Undefined column: 7 ERROR:  no existe la columna cp.com_proveedor_ruc
LINE 2:                     cp.com_proveedor_ruc,
                            ^
HINT:  Probablemente quiera hacer referencia a la columna «cp.com_proveedor_id».
Linea:   512
################################################

################################################
Fecha:   2026-06-10 22:10:39
Archivo: N/A
Detalle: AVISO
Error:   MENSAJE NO CONFIGURADO: CONFIRMAR_ANULAR_DOCUMENTO
Linea:   N/A
################################################

################################################
Fecha:   2026-06-10 22:10:39
Archivo: C:\xampp\htdocs\intesis\src\Modelos\SriImportacionModelo.php
Detalle: PDOException
Error:   SQLSTATE[42703]: Undefined column: 7 ERROR:  no existe la columna cp.com_proveedor_ruc
LINE 2:                     cp.com_proveedor_ruc,
                            ^
HINT:  Probablemente quiera hacer referencia a la columna «cp.com_proveedor_id».
Linea:   512
################################################

################################################
Fecha:   2026-06-10 22:10:53
Archivo: N/A
Detalle: AVISO
Error:   MENSAJE NO CONFIGURADO: CONFIRMAR_ANULAR_DOCUMENTO
Linea:   N/A
################################################

################################################
Fecha:   2026-06-10 22:10:53
Archivo: C:\xampp\htdocs\intesis\src\Modelos\SriImportacionModelo.php
Detalle: PDOException
Error:   SQLSTATE[42703]: Undefined column: 7 ERROR:  no existe la columna cp.com_proveedor_ruc
LINE 2:                     cp.com_proveedor_ruc,
                            ^
HINT:  Probablemente quiera hacer referencia a la columna «cp.com_proveedor_id».
Linea:   512
################################################

################################################
Fecha:   2026-06-10 22:10:54
Archivo: N/A
Detalle: AVISO
Error:   MENSAJE NO CONFIGURADO: CONFIRMAR_ANULAR_DOCUMENTO
Linea:   N/A
################################################

################################################
Fecha:   2026-06-10 22:10:54
Archivo: C:\xampp\htdocs\intesis\src\Modelos\SriImportacionModelo.php
Detalle: PDOException
Error:   SQLSTATE[42703]: Undefined column: 7 ERROR:  no existe la columna cp.com_proveedor_ruc
LINE 2:                     cp.com_proveedor_ruc,
                            ^
HINT:  Probablemente quiera hacer referencia a la columna «cp.com_proveedor_id».
Linea:   512
################################################

################################################
Fecha:   2026-06-10 22:10:54
Archivo: N/A
Detalle: AVISO
Error:   MENSAJE NO CONFIGURADO: CONFIRMAR_ANULAR_DOCUMENTO
Linea:   N/A
################################################

################################################
Fecha:   2026-06-10 22:10:54
Archivo: C:\xampp\htdocs\intesis\src\Modelos\SriImportacionModelo.php
Detalle: PDOException
Error:   SQLSTATE[42703]: Undefined column: 7 ERROR:  no existe la columna cp.com_proveedor_ruc
LINE 2:                     cp.com_proveedor_ruc,
                            ^
HINT:  Probablemente quiera hacer referencia a la columna «cp.com_proveedor_id».
Linea:   512
################################################

################################################
Fecha:   2026-06-10 22:10:54
Archivo: N/A
Detalle: AVISO
Error:   MENSAJE NO CONFIGURADO: CONFIRMAR_ANULAR_DOCUMENTO
Linea:   N/A
################################################

################################################
Fecha:   2026-06-10 22:10:54
Archivo: C:\xampp\htdocs\intesis\src\Modelos\SriImportacionModelo.php
Detalle: PDOException
Error:   SQLSTATE[42703]: Undefined column: 7 ERROR:  no existe la columna cp.com_proveedor_ruc
LINE 2:                     cp.com_proveedor_ruc,
                            ^
HINT:  Probablemente quiera hacer referencia a la columna «cp.com_proveedor_id».
Linea:   512
################################################

################################################
Fecha:   2026-06-10 22:10:54
Archivo: N/A
Detalle: AVISO
Error:   MENSAJE NO CONFIGURADO: CONFIRMAR_ANULAR_DOCUMENTO
Linea:   N/A
################################################

################################################
Fecha:   2026-06-10 22:10:54
Archivo: C:\xampp\htdocs\intesis\src\Modelos\SriImportacionModelo.php
Detalle: PDOException
Error:   SQLSTATE[42703]: Undefined column: 7 ERROR:  no existe la columna cp.com_proveedor_ruc
LINE 2:                     cp.com_proveedor_ruc,
                            ^
HINT:  Probablemente quiera hacer referencia a la columna «cp.com_proveedor_id».
Linea:   512
################################################

################################################
Fecha:   2026-06-10 22:10:54
Archivo: N/A
Detalle: AVISO
Error:   MENSAJE NO CONFIGURADO: CONFIRMAR_ANULAR_DOCUMENTO
Linea:   N/A
################################################

################################################
Fecha:   2026-06-10 22:10:54
Archivo: C:\xampp\htdocs\intesis\src\Modelos\SriImportacionModelo.php
Detalle: PDOException
Error:   SQLSTATE[42703]: Undefined column: 7 ERROR:  no existe la columna cp.com_proveedor_ruc
LINE 2:                     cp.com_proveedor_ruc,
                            ^
HINT:  Probablemente quiera hacer referencia a la columna «cp.com_proveedor_id».
Linea:   512
################################################

################################################
Fecha:   2026-06-10 22:10:54
Archivo: N/A
Detalle: AVISO
Error:   MENSAJE NO CONFIGURADO: CONFIRMAR_ANULAR_DOCUMENTO
Linea:   N/A
################################################

################################################
Fecha:   2026-06-10 22:10:54
Archivo: C:\xampp\htdocs\intesis\src\Modelos\SriImportacionModelo.php
Detalle: PDOException
Error:   SQLSTATE[42703]: Undefined column: 7 ERROR:  no existe la columna cp.com_proveedor_ruc
LINE 2:                     cp.com_proveedor_ruc,
                            ^
HINT:  Probablemente quiera hacer referencia a la columna «cp.com_proveedor_id».
Linea:   512
################################################

################################################
Fecha:   2026-06-10 22:12:04
Archivo: N/A
Detalle: AVISO
Error:   MENSAJE NO CONFIGURADO: CONFIRMAR_ANULAR_DOCUMENTO
Linea:   N/A
################################################

################################################
Fecha:   2026-06-10 22:12:04
Archivo: C:\xampp\htdocs\intesis\src\Modelos\SriImportacionModelo.php
Detalle: PDOException
Error:   SQLSTATE[42703]: Undefined column: 7 ERROR:  no existe la columna cp.com_proveedor_ruc
LINE 2:                     cp.com_proveedor_ruc,
                            ^
HINT:  Probablemente quiera hacer referencia a la columna «cp.com_proveedor_id».
Linea:   512
################################################

################################################
Fecha:   2026-06-10 22:13:18
Archivo: N/A
Detalle: AVISO
Error:   MENSAJE NO CONFIGURADO: CONFIRMAR_ANULAR_DOCUMENTO
Linea:   N/A
################################################

################################################
Fecha:   2026-06-10 22:13:18
Archivo: C:\xampp\htdocs\intesis\src\Modelos\SriImportacionModelo.php
Detalle: PDOException
Error:   SQLSTATE[42703]: Undefined column: 7 ERROR:  no existe la columna cp.com_proveedor_ruc
LINE 2:                     cp.com_proveedor_ruc,
                            ^
HINT:  Probablemente quiera hacer referencia a la columna «cp.com_proveedor_id».
Linea:   512
################################################

################################################
Fecha:   2026-06-10 22:14:39
Archivo: N/A
Detalle: AVISO
Error:   MENSAJE NO CONFIGURADO: CONFIRMAR_ANULAR_DOCUMENTO
Linea:   N/A
################################################

################################################
Fecha:   2026-06-10 22:14:39
Archivo: C:\xampp\htdocs\intesis\src\Modelos\SriImportacionModelo.php
Detalle: PDOException
Error:   SQLSTATE[42703]: Undefined column: 7 ERROR:  no existe la columna cp.com_proveedor_ruc
LINE 11:              GROUP BY cp.com_proveedor_id, cp.com_proveedor_...
                                                    ^
HINT:  Probablemente quiera hacer referencia a la columna «cp.com_proveedor_id».
Linea:   526
################################################

################################################
Fecha:   2026-06-10 22:14:41
Archivo: N/A
Detalle: AVISO
Error:   MENSAJE NO CONFIGURADO: CONFIRMAR_ANULAR_DOCUMENTO
Linea:   N/A
################################################

################################################
Fecha:   2026-06-10 22:14:41
Archivo: C:\xampp\htdocs\intesis\src\Modelos\SriImportacionModelo.php
Detalle: PDOException
Error:   SQLSTATE[42703]: Undefined column: 7 ERROR:  no existe la columna cp.com_proveedor_ruc
LINE 11:              GROUP BY cp.com_proveedor_id, cp.com_proveedor_...
                                                    ^
HINT:  Probablemente quiera hacer referencia a la columna «cp.com_proveedor_id».
Linea:   526
################################################

################################################
Fecha:   2026-06-10 22:15:11
Archivo: N/A
Detalle: AVISO
Error:   MENSAJE NO CONFIGURADO: CONFIRMAR_ANULAR_DOCUMENTO
Linea:   N/A
################################################

################################################
Fecha:   2026-06-10 22:15:11
Archivo: C:\xampp\htdocs\intesis\src\Modelos\SriImportacionModelo.php
Detalle: PDOException
Error:   SQLSTATE[42703]: Undefined column: 7 ERROR:  no existe la columna cp.com_proveedor_ruc
LINE 11:              GROUP BY cp.com_proveedor_id, cp.com_proveedor_...
                                                    ^
HINT:  Probablemente quiera hacer referencia a la columna «cp.com_proveedor_id».
Linea:   526
################################################

################################################
Fecha:   2026-06-10 22:15:12
Archivo: N/A
Detalle: AVISO
Error:   MENSAJE NO CONFIGURADO: CONFIRMAR_ANULAR_DOCUMENTO
Linea:   N/A
################################################

################################################
Fecha:   2026-06-10 22:15:12
Archivo: C:\xampp\htdocs\intesis\src\Modelos\SriImportacionModelo.php
Detalle: PDOException
Error:   SQLSTATE[42703]: Undefined column: 7 ERROR:  no existe la columna cp.com_proveedor_ruc
LINE 11:              GROUP BY cp.com_proveedor_id, cp.com_proveedor_...
                                                    ^
HINT:  Probablemente quiera hacer referencia a la columna «cp.com_proveedor_id».
Linea:   526
################################################

################################################
Fecha:   2026-06-10 22:15:31
Archivo: N/A
Detalle: AVISO
Error:   MENSAJE NO CONFIGURADO: CONFIRMAR_ANULAR_DOCUMENTO
Linea:   N/A
################################################

################################################
Fecha:   2026-06-10 22:15:31
Archivo: C:\xampp\htdocs\intesis\src\Modelos\SriImportacionModelo.php
Detalle: PDOException
Error:   SQLSTATE[42703]: Undefined column: 7 ERROR:  no existe la columna cp.com_proveedor_ruc
LINE 11:              GROUP BY cp.com_proveedor_id, cp.com_proveedor_...
                                                    ^
HINT:  Probablemente quiera hacer referencia a la columna «cp.com_proveedor_id».
Linea:   526
################################################

################################################
Fecha:   2026-06-10 22:15:50
Archivo: N/A
Detalle: AVISO
Error:   MENSAJE NO CONFIGURADO: CONFIRMAR_ANULAR_DOCUMENTO
Linea:   N/A
################################################

################################################
Fecha:   2026-06-10 22:15:50
Archivo: C:\xampp\htdocs\intesis\src\Modelos\SriImportacionModelo.php
Detalle: PDOException
Error:   SQLSTATE[42703]: Undefined column: 7 ERROR:  no existe la columna cp.com_proveedor_ruc
LINE 11:              GROUP BY cp.com_proveedor_id, cp.com_proveedor_...
                                                    ^
HINT:  Probablemente quiera hacer referencia a la columna «cp.com_proveedor_id».
Linea:   522
################################################

################################################
Fecha:   2026-06-10 22:15:51
Archivo: N/A
Detalle: AVISO
Error:   MENSAJE NO CONFIGURADO: CONFIRMAR_ANULAR_DOCUMENTO
Linea:   N/A
################################################

################################################
Fecha:   2026-06-10 22:15:51
Archivo: C:\xampp\htdocs\intesis\src\Modelos\SriImportacionModelo.php
Detalle: PDOException
Error:   SQLSTATE[42703]: Undefined column: 7 ERROR:  no existe la columna cp.com_proveedor_ruc
LINE 11:              GROUP BY cp.com_proveedor_id, cp.com_proveedor_...
                                                    ^
HINT:  Probablemente quiera hacer referencia a la columna «cp.com_proveedor_id».
Linea:   522
################################################

################################################
Fecha:   2026-06-10 22:16:06
Archivo: N/A
Detalle: AVISO
Error:   MENSAJE NO CONFIGURADO: CONFIRMAR_ANULAR_DOCUMENTO
Linea:   N/A
################################################

################################################
Fecha:   2026-06-10 22:16:06
Archivo: C:\xampp\htdocs\intesis\src\Modelos\SriImportacionModelo.php
Detalle: PDOException
Error:   SQLSTATE[42703]: Undefined column: 7 ERROR:  no existe la columna cp.com_proveedor_ruc
LINE 11:              GROUP BY cp.com_proveedor_id, cp.com_proveedor_...
                                                    ^
HINT:  Probablemente quiera hacer referencia a la columna «cp.com_proveedor_id».
Linea:   537
################################################

################################################
Fecha:   2026-06-10 22:16:07
Archivo: N/A
Detalle: AVISO
Error:   MENSAJE NO CONFIGURADO: CONFIRMAR_ANULAR_DOCUMENTO
Linea:   N/A
################################################

################################################
Fecha:   2026-06-10 22:16:07
Archivo: C:\xampp\htdocs\intesis\src\Modelos\SriImportacionModelo.php
Detalle: PDOException
Error:   SQLSTATE[42703]: Undefined column: 7 ERROR:  no existe la columna cp.com_proveedor_ruc
LINE 11:              GROUP BY cp.com_proveedor_id, cp.com_proveedor_...
                                                    ^
HINT:  Probablemente quiera hacer referencia a la columna «cp.com_proveedor_id».
Linea:   533
################################################

################################################
Fecha:   2026-06-10 22:16:07
Archivo: N/A
Detalle: AVISO
Error:   MENSAJE NO CONFIGURADO: CONFIRMAR_ANULAR_DOCUMENTO
Linea:   N/A
################################################

################################################
Fecha:   2026-06-10 22:16:07
Archivo: C:\xampp\htdocs\intesis\src\Modelos\SriImportacionModelo.php
Detalle: PDOException
Error:   SQLSTATE[42703]: Undefined column: 7 ERROR:  no existe la columna cp.com_proveedor_ruc
LINE 11:              GROUP BY cp.com_proveedor_id, cp.com_proveedor_...
                                                    ^
HINT:  Probablemente quiera hacer referencia a la columna «cp.com_proveedor_id».
Linea:   533
################################################

################################################
Fecha:   2026-06-10 22:16:46
Archivo: N/A
Detalle: AVISO
Error:   MENSAJE NO CONFIGURADO: CONFIRMAR_ANULAR_DOCUMENTO
Linea:   N/A
################################################

################################################
Fecha:   2026-06-10 22:16:46
Archivo: C:\xampp\htdocs\intesis\src\Modelos\SriImportacionModelo.php
Detalle: PDOException
Error:   SQLSTATE[42703]: Undefined column: 7 ERROR:  no existe la columna cp.com_proveedor_ruc
LINE 11:              GROUP BY cp.com_proveedor_id, cp.com_proveedor_...
                                                    ^
HINT:  Probablemente quiera hacer referencia a la columna «cp.com_proveedor_id».
Linea:   534
################################################

################################################
Fecha:   2026-06-10 22:16:46
Archivo: N/A
Detalle: AVISO
Error:   MENSAJE NO CONFIGURADO: CONFIRMAR_ANULAR_DOCUMENTO
Linea:   N/A
################################################

################################################
Fecha:   2026-06-10 22:16:46
Archivo: C:\xampp\htdocs\intesis\src\Modelos\SriImportacionModelo.php
Detalle: PDOException
Error:   SQLSTATE[42703]: Undefined column: 7 ERROR:  no existe la columna cp.com_proveedor_ruc
LINE 11:              GROUP BY cp.com_proveedor_id, cp.com_proveedor_...
                                                    ^
HINT:  Probablemente quiera hacer referencia a la columna «cp.com_proveedor_id».
Linea:   534
################################################

################################################
Fecha:   2026-06-10 22:16:46
Archivo: N/A
Detalle: AVISO
Error:   MENSAJE NO CONFIGURADO: CONFIRMAR_ANULAR_DOCUMENTO
Linea:   N/A
################################################

################################################
Fecha:   2026-06-10 22:16:46
Archivo: C:\xampp\htdocs\intesis\src\Modelos\SriImportacionModelo.php
Detalle: PDOException
Error:   SQLSTATE[42703]: Undefined column: 7 ERROR:  no existe la columna cp.com_proveedor_ruc
LINE 11:              GROUP BY cp.com_proveedor_id, cp.com_proveedor_...
                                                    ^
HINT:  Probablemente quiera hacer referencia a la columna «cp.com_proveedor_id».
Linea:   534
################################################

################################################
Fecha:   2026-06-10 22:18:45
Archivo: N/A
Detalle: AVISO
Error:   MENSAJE NO CONFIGURADO: CONFIRMAR_ANULAR_DOCUMENTO
Linea:   N/A
################################################

################################################
Fecha:   2026-06-10 22:21:57
Archivo: N/A
Detalle: AVISO
Error:   MENSAJE NO CONFIGURADO: CONFIRMAR_ANULAR_DOCUMENTO
Linea:   N/A
################################################

################################################
Fecha:   2026-06-10 22:25:23
Archivo: N/A
Detalle: AVISO
Error:   MENSAJE NO CONFIGURADO: CONFIRMAR_ANULAR_DOCUMENTO
Linea:   N/A
################################################

################################################
Fecha:   2026-06-10 22:25:33
Archivo: N/A
Detalle: AVISO
Error:   MENSAJE NO CONFIGURADO: CONFIRMAR_ANULAR_DOCUMENTO
Linea:   N/A
################################################

################################################
Fecha:   2026-06-10 22:27:31
Archivo: N/A
Detalle: AVISO
Error:   MENSAJE NO CONFIGURADO: CONFIRMAR_ANULAR_DOCUMENTO
Linea:   N/A
################################################

################################################
Fecha:   2026-06-10 22:29:28
Archivo: N/A
Detalle: AVISO
Error:   MENSAJE NO CONFIGURADO: CONFIRMAR_ANULAR_DOCUMENTO
Linea:   N/A
################################################

################################################
Fecha:   2026-06-10 22:29:31
Archivo: N/A
Detalle: AVISO
Error:   MENSAJE NO CONFIGURADO: CONFIRMAR_ANULAR_DOCUMENTO
Linea:   N/A
################################################

################################################
Fecha:   2026-06-10 22:30:11
Archivo: C:\xampp\htdocs\intesis\src\Modelos\SriImportacionModelo.php
Detalle: PDOException
Error:   SQLSTATE[23505]: Unique violation: 7 ERROR:  llave duplicada viola restricción de unicidad «uq_com_archivos_sri_clave»
DETAIL:  Ya existe la llave (sis_empresa_id, com_archivos_sri_clave)=(1, 2006202401179271360400110010010000000011234567813).
Linea:   43
################################################

################################################
Fecha:   2026-06-10 22:30:16
Archivo: C:\xampp\htdocs\intesis\src\Modelos\SriImportacionModelo.php
Detalle: PDOException
Error:   SQLSTATE[23505]: Unique violation: 7 ERROR:  llave duplicada viola restricción de unicidad «uq_com_archivos_sri_clave»
DETAIL:  Ya existe la llave (sis_empresa_id, com_archivos_sri_clave)=(1, 2006202401179271360400110010010000000011234567813).
Linea:   43
################################################

################################################
Fecha:   2026-06-10 22:30:24
Archivo: C:\xampp\htdocs\intesis\src\Modelos\SriImportacionModelo.php
Detalle: PDOException
Error:   SQLSTATE[23505]: Unique violation: 7 ERROR:  llave duplicada viola restricción de unicidad «uq_com_archivos_sri_clave»
DETAIL:  Ya existe la llave (sis_empresa_id, com_archivos_sri_clave)=(1, 2006202401179271360400110010010000000011234567813).
Linea:   43
################################################

################################################
Fecha:   2026-06-10 22:33:40
Archivo: C:\xampp\htdocs\intesis\src\Modelos\SriImportacionModelo.php
Detalle: SUBIR XML SRI
Error:   SQLSTATE[23505]: Unique violation: 7 ERROR:  llave duplicada viola restricción de unicidad «uq_com_archivos_sri_clave»
DETAIL:  Ya existe la llave (sis_empresa_id, com_archivos_sri_clave)=(1, 2006202401179271360400110010010000000011234567813).
Linea:   43
################################################

################################################
Fecha:   2026-06-10 22:34:11
Archivo: C:\xampp\htdocs\intesis\src\Modelos\SriImportacionModelo.php
Detalle: SUBIR XML SRI
Error:   SQLSTATE[42P10]: Invalid column reference: 7 ERROR:  no hay restricción única o de exclusión que coincida con la especificación ON CONFLICT
Linea:   49
################################################

################################################
Fecha:   2026-06-10 22:34:42
Archivo: C:\xampp\htdocs\intesis\src\Modelos\SriImportacionModelo.php
Detalle: SUBIR XML SRI
Error:   SQLSTATE[42704]: Undefined object: 7 ERROR:  no existe la restricción «uq_com_archivos_sri_clave» para la tabla «com_archivos_sri»
Linea:   49
################################################

################################################
Fecha:   2026-06-10 22:35:24
Archivo: N/A
Detalle: AVISO
Error:   MENSAJE NO CONFIGURADO: CONFIRMAR_ANULAR_DOCUMENTO
Linea:   N/A
################################################

################################################
Fecha:   2026-06-10 22:36:06
Archivo: N/A
Detalle: AVISO
Error:   MENSAJE NO CONFIGURADO: CONFIRMAR_ANULAR_DOCUMENTO
Linea:   N/A
################################################

################################################
Fecha:   2026-06-10 22:38:04
Archivo: N/A
Detalle: AVISO
Error:   MENSAJE NO CONFIGURADO: CONFIRMAR_ANULAR_DOCUMENTO
Linea:   N/A
################################################

################################################
Fecha:   2026-06-10 22:38:17
Archivo: C:\xampp\htdocs\intesis\src\Servicios\SriXmlServicio.php
Detalle: ERROR PHP NIVEL 2
Error:   file_get_contents(): Peer certificate CN=`srienlinea.sri.gob.ec' did not match expected CN=`181.113.227.222'
Linea:   296
################################################

################################################
Fecha:   2026-06-10 22:38:17
Archivo: C:\xampp\htdocs\intesis\src\Servicios\SriXmlServicio.php
Detalle: ERROR PHP NIVEL 2
Error:   file_get_contents(): Failed to enable crypto
Linea:   296
################################################

################################################
Fecha:   2026-06-10 22:38:17
Archivo: C:\xampp\htdocs\intesis\src\Servicios\SriXmlServicio.php
Detalle: ERROR PHP NIVEL 2
Error:   file_get_contents(https://cel.sri.gob.ec/comprobantes-electronicos-ws/AutorizacionComprobantesOffline?wsdl): Failed to open stream: operation failed
Linea:   296
################################################

################################################
Fecha:   2026-06-10 22:38:18
Archivo: C:\xampp\htdocs\intesis\src\Servicios\SriXmlServicio.php
Detalle: ERROR PHP NIVEL 2
Error:   file_get_contents(): Peer certificate CN=`srienlinea.sri.gob.ec' did not match expected CN=`181.113.227.222'
Linea:   296
################################################

################################################
Fecha:   2026-06-10 22:38:18
Archivo: C:\xampp\htdocs\intesis\src\Servicios\SriXmlServicio.php
Detalle: ERROR PHP NIVEL 2
Error:   file_get_contents(): Failed to enable crypto
Linea:   296
################################################

################################################
Fecha:   2026-06-10 22:38:18
Archivo: C:\xampp\htdocs\intesis\src\Servicios\SriXmlServicio.php
Detalle: ERROR PHP NIVEL 2
Error:   file_get_contents(https://cel.sri.gob.ec/comprobantes-electronicos-ws/AutorizacionComprobantesOffline?wsdl): Failed to open stream: operation failed
Linea:   296
################################################

################################################
Fecha:   2026-06-10 22:38:18
Archivo: C:\xampp\htdocs\intesis\src\Servicios\SriXmlServicio.php
Detalle: ERROR PHP NIVEL 2
Error:   file_get_contents(): Peer certificate CN=`srienlinea.sri.gob.ec' did not match expected CN=`181.113.227.222'
Linea:   296
################################################

################################################
Fecha:   2026-06-10 22:38:18
Archivo: C:\xampp\htdocs\intesis\src\Servicios\SriXmlServicio.php
Detalle: ERROR PHP NIVEL 2
Error:   file_get_contents(): Failed to enable crypto
Linea:   296
################################################

################################################
Fecha:   2026-06-10 22:38:18
Archivo: C:\xampp\htdocs\intesis\src\Servicios\SriXmlServicio.php
Detalle: ERROR PHP NIVEL 2
Error:   file_get_contents(https://cel.sri.gob.ec/comprobantes-electronicos-ws/AutorizacionComprobantesOffline?wsdl): Failed to open stream: operation failed
Linea:   296
################################################

################################################
Fecha:   2026-06-10 22:38:20
Archivo: C:\xampp\htdocs\intesis\src\Servicios\SriXmlServicio.php
Detalle: ERROR PHP NIVEL 2
Error:   file_get_contents(): Peer certificate CN=`srienlinea.sri.gob.ec' did not match expected CN=`181.113.227.222'
Linea:   296
################################################

################################################
Fecha:   2026-06-10 22:38:20
Archivo: C:\xampp\htdocs\intesis\src\Servicios\SriXmlServicio.php
Detalle: ERROR PHP NIVEL 2
Error:   file_get_contents(): Failed to enable crypto
Linea:   296
################################################

################################################
Fecha:   2026-06-10 22:38:20
Archivo: C:\xampp\htdocs\intesis\src\Servicios\SriXmlServicio.php
Detalle: ERROR PHP NIVEL 2
Error:   file_get_contents(https://cel.sri.gob.ec/comprobantes-electronicos-ws/AutorizacionComprobantesOffline?wsdl): Failed to open stream: operation failed
Linea:   296
################################################

################################################
Fecha:   2026-06-10 22:38:21
Archivo: C:\xampp\htdocs\intesis\src\Servicios\SriXmlServicio.php
Detalle: ERROR PHP NIVEL 2
Error:   file_get_contents(): Peer certificate CN=`srienlinea.sri.gob.ec' did not match expected CN=`181.113.227.222'
Linea:   296
################################################

################################################
Fecha:   2026-06-10 22:38:21
Archivo: C:\xampp\htdocs\intesis\src\Servicios\SriXmlServicio.php
Detalle: ERROR PHP NIVEL 2
Error:   file_get_contents(): Failed to enable crypto
Linea:   296
################################################

################################################
Fecha:   2026-06-10 22:38:21
Archivo: C:\xampp\htdocs\intesis\src\Servicios\SriXmlServicio.php
Detalle: ERROR PHP NIVEL 2
Error:   file_get_contents(https://cel.sri.gob.ec/comprobantes-electronicos-ws/AutorizacionComprobantesOffline?wsdl): Failed to open stream: operation failed
Linea:   296
################################################

################################################
Fecha:   2026-06-10 22:38:22
Archivo: C:\xampp\htdocs\intesis\src\Servicios\SriXmlServicio.php
Detalle: ERROR PHP NIVEL 2
Error:   file_get_contents(): Peer certificate CN=`srienlinea.sri.gob.ec' did not match expected CN=`181.113.227.222'
Linea:   296
################################################

################################################
Fecha:   2026-06-10 22:38:22
Archivo: C:\xampp\htdocs\intesis\src\Servicios\SriXmlServicio.php
Detalle: ERROR PHP NIVEL 2
Error:   file_get_contents(): Failed to enable crypto
Linea:   296
################################################

################################################
Fecha:   2026-06-10 22:38:22
Archivo: C:\xampp\htdocs\intesis\src\Servicios\SriXmlServicio.php
Detalle: ERROR PHP NIVEL 2
Error:   file_get_contents(https://cel.sri.gob.ec/comprobantes-electronicos-ws/AutorizacionComprobantesOffline?wsdl): Failed to open stream: operation failed
Linea:   296
################################################

################################################
Fecha:   2026-06-10 22:38:24
Archivo: C:\xampp\htdocs\intesis\src\Servicios\SriXmlServicio.php
Detalle: ERROR PHP NIVEL 2
Error:   file_get_contents(): Peer certificate CN=`srienlinea.sri.gob.ec' did not match expected CN=`181.113.227.222'
Linea:   296
################################################

################################################
Fecha:   2026-06-10 22:38:24
Archivo: C:\xampp\htdocs\intesis\src\Servicios\SriXmlServicio.php
Detalle: ERROR PHP NIVEL 2
Error:   file_get_contents(): Failed to enable crypto
Linea:   296
################################################

################################################
Fecha:   2026-06-10 22:38:24
Archivo: C:\xampp\htdocs\intesis\src\Servicios\SriXmlServicio.php
Detalle: ERROR PHP NIVEL 2
Error:   file_get_contents(https://cel.sri.gob.ec/comprobantes-electronicos-ws/AutorizacionComprobantesOffline?wsdl): Failed to open stream: operation failed
Linea:   296
################################################

################################################
Fecha:   2026-06-10 22:46:15
Archivo: N/A
Detalle: AVISO
Error:   MENSAJE NO CONFIGURADO: CONFIRMAR_ANULAR_DOCUMENTO
Linea:   N/A
################################################

################################################
Fecha:   2026-06-10 22:53:21
Archivo: N/A
Detalle: AVISO
Error:   MENSAJE NO CONFIGURADO: CONFIRMAR_ANULAR_DOCUMENTO
Linea:   N/A
################################################

################################################
Fecha:   2026-06-10 22:56:40
Archivo: N/A
Detalle: AVISO
Error:   MENSAJE NO CONFIGURADO: CONFIRMAR_ANULAR_DOCUMENTO
Linea:   N/A
################################################

################################################
Fecha:   2026-06-10 22:59:04
Archivo: N/A
Detalle: AVISO
Error:   MENSAJE NO CONFIGURADO: CONFIRMAR_ANULAR_DOCUMENTO
Linea:   N/A
################################################

################################################
Fecha:   2026-06-10 22:59:34
Archivo: N/A
Detalle: AVISO
Error:   MENSAJE NO CONFIGURADO: CONFIRMAR_ANULAR_DOCUMENTO
Linea:   N/A
################################################

################################################
Fecha:   2026-06-10 22:59:38
Archivo: N/A
Detalle: AVISO
Error:   MENSAJE NO CONFIGURADO: CONFIRMAR_ANULAR_DOCUMENTO
Linea:   N/A
################################################

################################################
Fecha:   2026-06-10 22:59:43
Archivo: N/A
Detalle: AVISO
Error:   MENSAJE NO CONFIGURADO: CONFIRMAR_ANULAR_DOCUMENTO
Linea:   N/A
################################################

################################################
Fecha:   2026-06-10 23:02:19
Archivo: N/A
Detalle: AVISO
Error:   MENSAJE NO CONFIGURADO: CONFIRMAR_ANULAR_DOCUMENTO
Linea:   N/A
################################################

################################################
Fecha:   2026-06-10 23:03:27
Archivo: N/A
Detalle: AVISO
Error:   MENSAJE NO CONFIGURADO: CONFIRMAR_ANULAR_DOCUMENTO
Linea:   N/A
################################################

################################################
Fecha:   2026-06-10 23:20:29
Archivo: N/A
Detalle: AVISO
Error:   MENSAJE NO CONFIGURADO: CONFIRMAR_ANULAR_DOCUMENTO
Linea:   N/A
################################################

################################################
Fecha:   2026-06-10 23:29:06
Archivo: N/A
Detalle: AVISO
Error:   MENSAJE NO CONFIGURADO: CONFIRMAR_ANULAR_DOCUMENTO
Linea:   N/A
################################################

################################################
Fecha:   2026-06-10 23:30:22
Archivo: C:\xampp\htdocs\intesis\src\Servicios\SriXmlServicio.php
Detalle: ERROR PHP NIVEL 2
Error:   file_get_contents(): Peer certificate CN=`srienlinea.sri.gob.ec' did not match expected CN=`181.113.227.222'
Linea:   301
################################################

################################################
Fecha:   2026-06-10 23:30:22
Archivo: C:\xampp\htdocs\intesis\src\Servicios\SriXmlServicio.php
Detalle: ERROR PHP NIVEL 2
Error:   file_get_contents(): Failed to enable crypto
Linea:   301
################################################

################################################
Fecha:   2026-06-10 23:30:22
Archivo: C:\xampp\htdocs\intesis\src\Servicios\SriXmlServicio.php
Detalle: ERROR PHP NIVEL 2
Error:   file_get_contents(https://cel.sri.gob.ec/comprobantes-electronicos-ws/AutorizacionComprobantesOffline?wsdl): Failed to open stream: operation failed
Linea:   301
################################################

################################################
Fecha:   2026-06-10 23:32:58
Archivo: N/A
Detalle: AVISO
Error:   MENSAJE NO CONFIGURADO: CONFIRMAR_ANULAR_DOCUMENTO
Linea:   N/A
################################################

################################################
Fecha:   2026-06-10 23:41:53
Archivo: N/A
Detalle: AVISO
Error:   MENSAJE NO CONFIGURADO: CONFIRMAR_ANULAR_DOCUMENTO
Linea:   N/A
################################################

