################################################
Fecha:   2026-06-12 00:03:15
Archivo: N/A
Detalle: AVISO
Error:   MENSAJE NO CONFIGURADO: CONFIRMAR_INACTIVAR_PROVEEDOR
Linea:   N/A
################################################

################################################
Fecha:   2026-06-12 00:03:16
Archivo: N/A
Detalle: AVISO
Error:   MENSAJE NO CONFIGURADO: CONFIRMAR_ANULAR_DOCUMENTO
Linea:   N/A
################################################

################################################
Fecha:   2026-06-12 00:08:18
Archivo: N/A
Detalle: AVISO
Error:   MENSAJE NO CONFIGURADO: CONFIRMAR_INACTIVAR_PROVEEDOR
Linea:   N/A
################################################

################################################
Fecha:   2026-06-12 00:08:18
Archivo: N/A
Detalle: AVISO
Error:   MENSAJE NO CONFIGURADO: CONFIRMAR_ANULAR_DOCUMENTO
Linea:   N/A
################################################

################################################
Fecha:   2026-06-12 00:08:24
Archivo: N/A
Detalle: AVISO
Error:   MENSAJE NO CONFIGURADO: CONFIRMAR_ANULAR_DOCUMENTO
Linea:   N/A
################################################

################################################
Fecha:   2026-06-12 00:08:25
Archivo: N/A
Detalle: AVISO
Error:   MENSAJE NO CONFIGURADO: CONFIRMAR_ANULAR_DOCUMENTO
Linea:   N/A
################################################

################################################
Fecha:   2026-06-12 00:08:25
Archivo: N/A
Detalle: AVISO
Error:   MENSAJE NO CONFIGURADO: CONFIRMAR_ANULAR_DOCUMENTO
Linea:   N/A
################################################

################################################
Fecha:   2026-06-12 00:08:25
Archivo: N/A
Detalle: AVISO
Error:   MENSAJE NO CONFIGURADO: CONFIRMAR_ANULAR_DOCUMENTO
Linea:   N/A
################################################

################################################
Fecha:   2026-06-12 00:08:53
Archivo: N/A
Detalle: AVISO
Error:   MENSAJE NO CONFIGURADO: CONFIRMAR_ANULAR_DOCUMENTO
Linea:   N/A
################################################

################################################
Fecha:   2026-06-12 00:08:54
Archivo: N/A
Detalle: AVISO
Error:   MENSAJE NO CONFIGURADO: CONFIRMAR_ANULAR_DOCUMENTO
Linea:   N/A
################################################

################################################
Fecha:   2026-06-12 00:10:54
Archivo: N/A
Detalle: AVISO
Error:   MENSAJE NO CONFIGURADO: CONFIRMAR_ANULAR_DOCUMENTO
Linea:   N/A
################################################

################################################
Fecha:   2026-06-12 00:13:54
Archivo: C:\xampp\htdocs\intesis\src\Modelos\SriImportacionModelo.php
Detalle: ASIGNAR CODIGO SRI
Error:   SQLSTATE[23505]: Unique violation: 7 ERROR:  llave duplicada viola restricción de unicidad «uq_inv_cod_prov_prod_prov»
DETAIL:  Ya existe la llave (inv_producto_id, com_proveedor_id)=(12, 3).
Linea:   439
################################################

################################################
Fecha:   2026-06-12 00:13:58
Archivo: C:\xampp\htdocs\intesis\src\Modelos\SriImportacionModelo.php
Detalle: ASIGNAR CODIGO SRI
Error:   SQLSTATE[23505]: Unique violation: 7 ERROR:  llave duplicada viola restricción de unicidad «uq_inv_cod_prov_prod_prov»
DETAIL:  Ya existe la llave (inv_producto_id, com_proveedor_id)=(12, 3).
Linea:   439
################################################

################################################
Fecha:   2026-06-12 00:14:11
Archivo: C:\xampp\htdocs\intesis\src\Modelos\SriImportacionModelo.php
Detalle: ASIGNAR CODIGO SRI
Error:   SQLSTATE[23505]: Unique violation: 7 ERROR:  llave duplicada viola restricción de unicidad «uq_inv_cod_prov_prod_prov»
DETAIL:  Ya existe la llave (inv_producto_id, com_proveedor_id)=(11, 3).
Linea:   439
################################################

################################################
Fecha:   2026-06-12 00:14:53
Archivo: C:\xampp\htdocs\intesis\src\Modelos\SriImportacionModelo.php
Detalle: ASIGNAR CODIGO SRI
Error:   SQLSTATE[23505]: Unique violation: 7 ERROR:  llave duplicada viola restricción de unicidad «uq_inv_cod_prov_prod_prov»
DETAIL:  Ya existe la llave (inv_producto_id, com_proveedor_id)=(11, 3).
Linea:   439
################################################

################################################
Fecha:   2026-06-12 00:16:05
Archivo: N/A
Detalle: AVISO
Error:   MENSAJE NO CONFIGURADO: CONFIRMAR_ANULAR_DOCUMENTO
Linea:   N/A
################################################

################################################
Fecha:   2026-06-12 00:20:10
Archivo: N/A
Detalle: AVISO
Error:   MENSAJE NO CONFIGURADO: CONFIRMAR_ANULAR_DOCUMENTO
Linea:   N/A
################################################

################################################
Fecha:   2026-06-12 00:20:42
Archivo: C:\xampp\htdocs\intesis\src\Servicios\SriXmlServicio.php
Detalle: ERROR PHP NIVEL 2
Error:   file_get_contents(): Peer certificate CN=`srienlinea.sri.gob.ec' did not match expected CN=`181.113.227.222'
Linea:   338
################################################

################################################
Fecha:   2026-06-12 00:20:42
Archivo: C:\xampp\htdocs\intesis\src\Servicios\SriXmlServicio.php
Detalle: ERROR PHP NIVEL 2
Error:   file_get_contents(): Failed to enable crypto
Linea:   338
################################################

################################################
Fecha:   2026-06-12 00:20:42
Archivo: C:\xampp\htdocs\intesis\src\Servicios\SriXmlServicio.php
Detalle: ERROR PHP NIVEL 2
Error:   file_get_contents(https://cel.sri.gob.ec/comprobantes-electronicos-ws/AutorizacionComprobantesOffline?wsdl): Failed to open stream: operation failed
Linea:   338
################################################

################################################
Fecha:   2026-06-12 00:22:09
Archivo: N/A
Detalle: AVISO
Error:   MENSAJE NO CONFIGURADO: CONFIRMAR_ANULAR_DOCUMENTO
Linea:   N/A
################################################

################################################
Fecha:   2026-06-12 00:22:30
Archivo: C:\xampp\htdocs\intesis\src\Modelos\SriImportacionModelo.php
Detalle: ASIGNAR CODIGO SRI
Error:   SQLSTATE[23505]: Unique violation: 7 ERROR:  llave duplicada viola restricción de unicidad «uq_inv_cod_prov_prod_prov»
DETAIL:  Ya existe la llave (inv_producto_id, com_proveedor_id)=(10, 3).
Linea:   440
################################################

################################################
Fecha:   2026-06-12 00:22:47
Archivo: C:\xampp\htdocs\intesis\src\Modelos\SriImportacionModelo.php
Detalle: ASIGNAR CODIGO SRI
Error:   SQLSTATE[23505]: Unique violation: 7 ERROR:  llave duplicada viola restricción de unicidad «uq_inv_cod_prov_prod_prov»
DETAIL:  Ya existe la llave (inv_producto_id, com_proveedor_id)=(12, 3).
Linea:   440
################################################

################################################
Fecha:   2026-06-12 00:23:19
Archivo: C:\xampp\htdocs\intesis\src\Modelos\SriImportacionModelo.php
Detalle: ASIGNAR CODIGO SRI
Error:   SQLSTATE[23505]: Unique violation: 7 ERROR:  llave duplicada viola restricción de unicidad «uq_inv_cod_prov_prod_prov»
DETAIL:  Ya existe la llave (inv_producto_id, com_proveedor_id)=(12, 3).
Linea:   440
################################################

################################################
Fecha:   2026-06-12 09:30:22
Archivo: N/A
Detalle: AVISO
Error:   MENSAJE NO CONFIGURADO: CONFIRMAR_ANULAR_DOCUMENTO
Linea:   N/A
################################################

################################################
Fecha:   2026-06-12 09:30:23
Archivo: N/A
Detalle: AVISO
Error:   MENSAJE NO CONFIGURADO: CONFIRMAR_ANULAR_DOCUMENTO
Linea:   N/A
################################################

################################################
Fecha:   2026-06-12 09:30:35
Archivo: C:\xampp\htdocs\intesis\src\Modelos\SriImportacionModelo.php
Detalle: ASIGNAR CODIGO SRI
Error:   Este producto ya está asignado al código "40363332" para este proveedor.
Linea:   440
################################################

################################################
Fecha:   2026-06-12 09:30:38
Archivo: N/A
Detalle: AVISO
Error:   MENSAJE NO CONFIGURADO: CONFIRMAR_ANULAR_DOCUMENTO
Linea:   N/A
################################################

################################################
Fecha:   2026-06-12 09:30:39
Archivo: N/A
Detalle: AVISO
Error:   MENSAJE NO CONFIGURADO: CONFIRMAR_ANULAR_DOCUMENTO
Linea:   N/A
################################################

################################################
Fecha:   2026-06-12 09:30:40
Archivo: N/A
Detalle: AVISO
Error:   MENSAJE NO CONFIGURADO: CONFIRMAR_ANULAR_DOCUMENTO
Linea:   N/A
################################################

################################################
Fecha:   2026-06-12 09:30:50
Archivo: C:\xampp\htdocs\intesis\src\Modelos\SriImportacionModelo.php
Detalle: ASIGNAR CODIGO SRI
Error:   Este producto ya está asignado al código "40363332" para este proveedor.
Linea:   440
################################################

################################################
Fecha:   2026-06-12 09:31:00
Archivo: C:\xampp\htdocs\intesis\src\Modelos\SriImportacionModelo.php
Detalle: ASIGNAR CODIGO SRI
Error:   Este producto ya está asignado al código "40363332" para este proveedor.
Linea:   440
################################################

################################################
Fecha:   2026-06-12 09:33:50
Archivo: N/A
Detalle: AVISO
Error:   MENSAJE NO CONFIGURADO: CONFIRMAR_ANULAR_DOCUMENTO
Linea:   N/A
################################################

################################################
Fecha:   2026-06-12 09:33:59
Archivo: C:\xampp\htdocs\intesis\src\Modelos\SriImportacionModelo.php
Detalle: ASIGNAR CODIGO SRI
Error:   Este producto ya está asignado al código "40363332" para este proveedor.
Linea:   440
################################################

################################################
Fecha:   2026-06-12 09:34:14
Archivo: C:\xampp\htdocs\intesis\src\Modelos\SriImportacionModelo.php
Detalle: ASIGNAR CODIGO SRI
Error:   Este producto ya está asignado al código "30002782" para este proveedor.
Linea:   440
################################################

################################################
Fecha:   2026-06-12 09:34:18
Archivo: C:\xampp\htdocs\intesis\src\Modelos\SriImportacionModelo.php
Detalle: ASIGNAR CODIGO SRI
Error:   Este producto ya está asignado al código "40045442" para este proveedor.
Linea:   440
################################################

################################################
Fecha:   2026-06-12 10:24:23
Archivo: N/A
Detalle: AVISO
Error:   MENSAJE NO CONFIGURADO: CONFIRMAR_ANULAR_DOCUMENTO
Linea:   N/A
################################################

################################################
Fecha:   2026-06-12 10:24:27
Archivo: N/A
Detalle: AVISO
Error:   MENSAJE NO CONFIGURADO: CONFIRMAR_ANULAR_DOCUMENTO
Linea:   N/A
################################################

################################################
Fecha:   2026-06-12 10:32:54
Archivo: N/A
Detalle: AVISO
Error:   MENSAJE NO CONFIGURADO: CONFIRMAR_ANULAR_DOCUMENTO
Linea:   N/A
################################################

################################################
Fecha:   2026-06-12 10:34:18
Archivo: N/A
Detalle: AVISO
Error:   MENSAJE NO CONFIGURADO: CONFIRMAR_ANULAR_DOCUMENTO
Linea:   N/A
################################################

################################################
Fecha:   2026-06-12 11:06:11
Archivo: N/A
Detalle: AVISO
Error:   MENSAJE NO CONFIGURADO: CONFIRMAR_ANULAR_DOCUMENTO
Linea:   N/A
################################################

################################################
Fecha:   2026-06-12 11:06:44
Archivo: N/A
Detalle: AVISO
Error:   MENSAJE NO CONFIGURADO: CONFIRMAR_ANULAR_DOCUMENTO
Linea:   N/A
################################################

################################################
Fecha:   2026-06-12 11:17:16
Archivo: N/A
Detalle: AVISO
Error:   MENSAJE NO CONFIGURADO: CONFIRMAR_INACTIVAR_PROVEEDOR
Linea:   N/A
################################################

################################################
Fecha:   2026-06-12 11:17:16
Archivo: N/A
Detalle: AVISO
Error:   MENSAJE NO CONFIGURADO: CONFIRMAR_INACTIVAR_PROVEEDOR
Linea:   N/A
################################################

################################################
Fecha:   2026-06-12 11:17:16
Archivo: N/A
Detalle: AVISO
Error:   MENSAJE NO CONFIGURADO: CONFIRMAR_INACTIVAR_PROVEEDOR
Linea:   N/A
################################################

################################################
Fecha:   2026-06-12 11:18:19
Archivo: N/A
Detalle: AVISO
Error:   MENSAJE NO CONFIGURADO: CONFIRMAR_INACTIVAR_PROVEEDOR
Linea:   N/A
################################################

################################################
Fecha:   2026-06-12 11:20:19
Archivo: N/A
Detalle: AVISO
Error:   MENSAJE NO CONFIGURADO: CONFIRMAR_INACTIVAR_PROVEEDOR
Linea:   N/A
################################################

################################################
Fecha:   2026-06-12 11:20:21
Archivo: N/A
Detalle: AVISO
Error:   MENSAJE NO CONFIGURADO: CONFIRMAR_INACTIVAR_PROVEEDOR
Linea:   N/A
################################################

################################################
Fecha:   2026-06-12 11:20:22
Archivo: N/A
Detalle: AVISO
Error:   MENSAJE NO CONFIGURADO: CONFIRMAR_INACTIVAR_PROVEEDOR
Linea:   N/A
################################################

################################################
Fecha:   2026-06-12 11:20:46
Archivo: N/A
Detalle: AVISO
Error:   MENSAJE NO CONFIGURADO: CONFIRMAR_INACTIVAR_PROVEEDOR
Linea:   N/A
################################################

################################################
Fecha:   2026-06-12 11:21:16
Archivo: N/A
Detalle: AVISO
Error:   MENSAJE NO CONFIGURADO: CONFIRMAR_ANULAR_DOCUMENTO
Linea:   N/A
################################################

################################################
Fecha:   2026-06-12 11:28:36
Archivo: N/A
Detalle: AVISO
Error:   MENSAJE NO CONFIGURADO: CONFIRMAR_ANULAR_DOCUMENTO
Linea:   N/A
################################################

################################################
Fecha:   2026-06-12 11:30:04
Archivo: N/A
Detalle: AVISO
Error:   MENSAJE NO CONFIGURADO: CONFIRMAR_ANULAR_DOCUMENTO
Linea:   N/A
################################################

################################################
Fecha:   2026-06-12 11:32:33
Archivo: N/A
Detalle: AVISO
Error:   MENSAJE NO CONFIGURADO: CONFIRMAR_ANULAR_DOCUMENTO
Linea:   N/A
################################################

################################################
Fecha:   2026-06-12 11:34:06
Archivo: N/A
Detalle: AVISO
Error:   MENSAJE NO CONFIGURADO: CONFIRMAR_ANULAR_DOCUMENTO
Linea:   N/A
################################################

################################################
Fecha:   2026-06-12 11:34:16
Archivo: N/A
Detalle: AVISO
Error:   MENSAJE NO CONFIGURADO: CONFIRMAR_ANULAR_DOCUMENTO
Linea:   N/A
################################################

################################################
Fecha:   2026-06-12 11:34:29
Archivo: N/A
Detalle: AVISO
Error:   MENSAJE NO CONFIGURADO: CONFIRMAR_ANULAR_DOCUMENTO
Linea:   N/A
################################################

################################################
Fecha:   2026-06-12 11:35:35
Archivo: N/A
Detalle: AVISO
Error:   MENSAJE NO CONFIGURADO: CONFIRMAR_INACTIVAR_PROVEEDOR
Linea:   N/A
################################################

################################################
Fecha:   2026-06-12 11:35:39
Archivo: N/A
Detalle: AVISO
Error:   MENSAJE NO CONFIGURADO: CONFIRMAR_INACTIVAR_PROVEEDOR
Linea:   N/A
################################################

################################################
Fecha:   2026-06-12 11:35:40
Archivo: N/A
Detalle: AVISO
Error:   MENSAJE NO CONFIGURADO: CONFIRMAR_INACTIVAR_PROVEEDOR
Linea:   N/A
################################################

################################################
Fecha:   2026-06-12 11:35:40
Archivo: N/A
Detalle: AVISO
Error:   MENSAJE NO CONFIGURADO: CONFIRMAR_INACTIVAR_PROVEEDOR
Linea:   N/A
################################################

################################################
Fecha:   2026-06-12 12:11:17
Archivo: N/A
Detalle: AVISO
Error:   MENSAJE NO CONFIGURADO: CONFIRMAR_INACTIVAR_PROVEEDOR
Linea:   N/A
################################################

################################################
Fecha:   2026-06-12 12:11:28
Archivo: N/A
Detalle: AVISO
Error:   MENSAJE NO CONFIGURADO: CONFIRMAR_INACTIVAR_PROVEEDOR
Linea:   N/A
################################################

################################################
Fecha:   2026-06-12 12:12:19
Archivo: N/A
Detalle: AVISO
Error:   MENSAJE NO CONFIGURADO: CONFIRMAR_INACTIVAR_PROVEEDOR
Linea:   N/A
################################################

################################################
Fecha:   2026-06-12 12:13:13
Archivo: N/A
Detalle: AVISO
Error:   MENSAJE NO CONFIGURADO: CONFIRMAR_INACTIVAR_PROVEEDOR
Linea:   N/A
################################################

################################################
Fecha:   2026-06-12 12:13:15
Archivo: N/A
Detalle: AVISO
Error:   MENSAJE NO CONFIGURADO: CONFIRMAR_INACTIVAR_PROVEEDOR
Linea:   N/A
################################################

################################################
Fecha:   2026-06-12 12:13:49
Archivo: N/A
Detalle: AVISO
Error:   MENSAJE NO CONFIGURADO: CONFIRMAR_INACTIVAR_PROVEEDOR
Linea:   N/A
################################################

################################################
Fecha:   2026-06-12 12:13:50
Archivo: N/A
Detalle: AVISO
Error:   MENSAJE NO CONFIGURADO: CONFIRMAR_INACTIVAR_PROVEEDOR
Linea:   N/A
################################################

################################################
Fecha:   2026-06-12 12:13:50
Archivo: N/A
Detalle: AVISO
Error:   MENSAJE NO CONFIGURADO: CONFIRMAR_INACTIVAR_PROVEEDOR
Linea:   N/A
################################################

################################################
Fecha:   2026-06-12 12:13:50
Archivo: N/A
Detalle: AVISO
Error:   MENSAJE NO CONFIGURADO: CONFIRMAR_INACTIVAR_PROVEEDOR
Linea:   N/A
################################################

################################################
Fecha:   2026-06-12 12:13:51
Archivo: N/A
Detalle: AVISO
Error:   MENSAJE NO CONFIGURADO: CONFIRMAR_INACTIVAR_PROVEEDOR
Linea:   N/A
################################################

################################################
Fecha:   2026-06-12 12:13:51
Archivo: N/A
Detalle: AVISO
Error:   MENSAJE NO CONFIGURADO: CONFIRMAR_INACTIVAR_PROVEEDOR
Linea:   N/A
################################################

################################################
Fecha:   2026-06-12 12:13:53
Archivo: N/A
Detalle: AVISO
Error:   MENSAJE NO CONFIGURADO: CONFIRMAR_INACTIVAR_PROVEEDOR
Linea:   N/A
################################################

################################################
Fecha:   2026-06-12 12:14:00
Archivo: N/A
Detalle: AVISO
Error:   MENSAJE NO CONFIGURADO: CONFIRMAR_ANULAR_DOCUMENTO
Linea:   N/A
################################################

################################################
Fecha:   2026-06-12 12:14:08
Archivo: N/A
Detalle: AVISO
Error:   MENSAJE NO CONFIGURADO: CONFIRMAR_INACTIVAR_PROVEEDOR
Linea:   N/A
################################################

################################################
Fecha:   2026-06-12 12:14:51
Archivo: N/A
Detalle: AVISO
Error:   MENSAJE NO CONFIGURADO: CONFIRMAR_INACTIVAR_PROVEEDOR
Linea:   N/A
################################################

################################################
Fecha:   2026-06-12 12:14:51
Archivo: N/A
Detalle: AVISO
Error:   MENSAJE NO CONFIGURADO: CONFIRMAR_INACTIVAR_PROVEEDOR
Linea:   N/A
################################################

################################################
Fecha:   2026-06-12 12:14:54
Archivo: N/A
Detalle: AVISO
Error:   MENSAJE NO CONFIGURADO: CONFIRMAR_INACTIVAR_PROVEEDOR
Linea:   N/A
################################################

################################################
Fecha:   2026-06-12 12:14:54
Archivo: N/A
Detalle: AVISO
Error:   MENSAJE NO CONFIGURADO: CONFIRMAR_INACTIVAR_PROVEEDOR
Linea:   N/A
################################################

################################################
Fecha:   2026-06-12 12:14:55
Archivo: N/A
Detalle: AVISO
Error:   MENSAJE NO CONFIGURADO: CONFIRMAR_INACTIVAR_PROVEEDOR
Linea:   N/A
################################################

################################################
Fecha:   2026-06-12 12:15:10
Archivo: N/A
Detalle: AVISO
Error:   MENSAJE NO CONFIGURADO: CONFIRMAR_INACTIVAR_PROVEEDOR
Linea:   N/A
################################################

################################################
Fecha:   2026-06-12 12:19:09
Archivo: N/A
Detalle: AVISO
Error:   MENSAJE NO CONFIGURADO: CONFIRMAR_INACTIVAR_PROVEEDOR
Linea:   N/A
################################################

################################################
Fecha:   2026-06-12 12:30:48
Archivo: N/A
Detalle: AVISO
Error:   MENSAJE NO CONFIGURADO: CONFIRMAR_INACTIVAR_PROVEEDOR
Linea:   N/A
################################################

################################################
Fecha:   2026-06-12 12:33:51
Archivo: N/A
Detalle: AVISO
Error:   MENSAJE NO CONFIGURADO: CONFIRMAR_INACTIVAR_PROVEEDOR
Linea:   N/A
################################################

################################################
Fecha:   2026-06-12 12:33:58
Archivo: N/A
Detalle: AVISO
Error:   MENSAJE NO CONFIGURADO: CONFIRMAR_INACTIVAR_PROVEEDOR
Linea:   N/A
################################################

################################################
Fecha:   2026-06-12 12:51:20
Archivo: N/A
Detalle: AVISO
Error:   MENSAJE NO CONFIGURADO: CONFIRMAR_INACTIVAR_PROVEEDOR
Linea:   N/A
################################################

################################################
Fecha:   2026-06-12 12:51:21
Archivo: N/A
Detalle: AVISO
Error:   MENSAJE NO CONFIGURADO: CONFIRMAR_ANULAR_DOCUMENTO
Linea:   N/A
################################################

