################################################
Fecha:   2026-06-11 08:18:06
Archivo: N/A
Detalle: AVISO
Error:   MENSAJE NO CONFIGURADO: CONFIRMAR_ANULAR_DOCUMENTO
Linea:   N/A
################################################

################################################
Fecha:   2026-06-11 09:05:40
Archivo: N/A
Detalle: AVISO
Error:   MENSAJE NO CONFIGURADO: CONFIRMAR_ANULAR_DOCUMENTO
Linea:   N/A
################################################

################################################
Fecha:   2026-06-11 09:52:07
Archivo: N/A
Detalle: AVISO
Error:   MENSAJE NO CONFIGURADO: CONFIRMAR_ANULAR_DOCUMENTO
Linea:   N/A
################################################

################################################
Fecha:   2026-06-11 09:52:08
Archivo: N/A
Detalle: AVISO
Error:   MENSAJE NO CONFIGURADO: CONFIRMAR_ANULAR_DOCUMENTO
Linea:   N/A
################################################

################################################
Fecha:   2026-06-11 09:53:06
Archivo: N/A
Detalle: AVISO
Error:   MENSAJE NO CONFIGURADO: CONFIRMAR_ANULAR_DOCUMENTO
Linea:   N/A
################################################

################################################
Fecha:   2026-06-11 09:53:32
Archivo: N/A
Detalle: AVISO
Error:   MENSAJE NO CONFIGURADO: CONFIRMAR_ANULAR_DOCUMENTO
Linea:   N/A
################################################

################################################
Fecha:   2026-06-11 09:53:48
Archivo: N/A
Detalle: AVISO
Error:   MENSAJE NO CONFIGURADO: CONFIRMAR_ANULAR_DOCUMENTO
Linea:   N/A
################################################

################################################
Fecha:   2026-06-11 09:53:58
Archivo: N/A
Detalle: AVISO
Error:   MENSAJE NO CONFIGURADO: CONFIRMAR_ANULAR_DOCUMENTO
Linea:   N/A
################################################

################################################
Fecha:   2026-06-11 09:59:02
Archivo: N/A
Detalle: AVISO
Error:   MENSAJE NO CONFIGURADO: CONFIRMAR_ANULAR_DOCUMENTO
Linea:   N/A
################################################

################################################
Fecha:   2026-06-11 09:59:03
Archivo: N/A
Detalle: AVISO
Error:   MENSAJE NO CONFIGURADO: CONFIRMAR_ANULAR_DOCUMENTO
Linea:   N/A
################################################

################################################
Fecha:   2026-06-11 09:59:03
Archivo: N/A
Detalle: AVISO
Error:   MENSAJE NO CONFIGURADO: CONFIRMAR_ANULAR_DOCUMENTO
Linea:   N/A
################################################

################################################
Fecha:   2026-06-11 09:59:40
Archivo: N/A
Detalle: AVISO
Error:   MENSAJE NO CONFIGURADO: CONFIRMAR_ANULAR_DOCUMENTO
Linea:   N/A
################################################

################################################
Fecha:   2026-06-11 10:01:08
Archivo: N/A
Detalle: AVISO
Error:   MENSAJE NO CONFIGURADO: CONFIRMAR_ANULAR_DOCUMENTO
Linea:   N/A
################################################

################################################
Fecha:   2026-06-11 11:30:25
Archivo: N/A
Detalle: AVISO
Error:   MENSAJE NO CONFIGURADO: CONFIRMAR_INACTIVAR_PROVEEDOR
Linea:   N/A
################################################

################################################
Fecha:   2026-06-11 11:30:26
Archivo: N/A
Detalle: AVISO
Error:   MENSAJE NO CONFIGURADO: CONFIRMAR_ANULAR_DOCUMENTO
Linea:   N/A
################################################

################################################
Fecha:   2026-06-11 15:23:02
Archivo: N/A
Detalle: AVISO
Error:   MENSAJE NO CONFIGURADO: CONFIRMAR_ANULAR_DOCUMENTO
Linea:   N/A
################################################

################################################
Fecha:   2026-06-11 15:35:35
Archivo: N/A
Detalle: AVISO
Error:   MENSAJE NO CONFIGURADO: CONFIRMAR_ANULAR_DOCUMENTO
Linea:   N/A
################################################

################################################
Fecha:   2026-06-11 15:44:24
Archivo: N/A
Detalle: AVISO
Error:   MENSAJE NO CONFIGURADO: CONFIRMAR_ANULAR_DOCUMENTO
Linea:   N/A
################################################

################################################
Fecha:   2026-06-11 17:33:29
Archivo: N/A
Detalle: AVISO
Error:   MENSAJE NO CONFIGURADO: CONFIRMAR_ANULAR_DOCUMENTO
Linea:   N/A
################################################

################################################
Fecha:   2026-06-11 18:05:17
Archivo: N/A
Detalle: AVISO
Error:   MENSAJE NO CONFIGURADO: CONFIRMAR_ANULAR_DOCUMENTO
Linea:   N/A
################################################

################################################
Fecha:   2026-06-11 18:09:03
Archivo: N/A
Detalle: AVISO
Error:   MENSAJE NO CONFIGURADO: CONFIRMAR_ANULAR_DOCUMENTO
Linea:   N/A
################################################

################################################
Fecha:   2026-06-11 18:09:42
Archivo: N/A
Detalle: AVISO
Error:   MENSAJE NO CONFIGURADO: CONFIRMAR_ANULAR_DOCUMENTO
Linea:   N/A
################################################

################################################
Fecha:   2026-06-11 18:09:44
Archivo: N/A
Detalle: AVISO
Error:   MENSAJE NO CONFIGURADO: CONFIRMAR_ANULAR_DOCUMENTO
Linea:   N/A
################################################

